FLASH /opt/esp/python_env/idf5.5_py3.12_env/bin/python -m esptool --chip esp32s3 --port /dev/needle-pi/flash --baud 921600 --before default_reset --after hard_reset write_flash --flash_mode dout --flash_size 32MB --flash_freq 80m 0x0 /workspace/esp32-needle-3/benchmarks/assets/bootloader-baseline.bin 0x8000 /workspace/esp32-needle-3/benchmarks/assets/partition-table.bin 0x10000 /workspace/esp32-needle-3/benchmarks/assets/needle-baseline.bin 0x210000 /workspace/esp32-needle-3/.runtime/benchmarks/models/depth-08.cact
esptool.py v4.11.dev1
Serial port /dev/needle-pi/flash
Connecting....
Chip is ESP32-S3 (QFN56) (revision v0.2)
Features: WiFi, BLE, Embedded PSRAM 16MB (AP_1v8)
Crystal is 40MHz
USB mode: USB-Serial/JTAG
MAC: 90:e5:b1:d1:c0:f8
Uploading stub...
Running stub...
Stub running...
Changing baud rate to 921600
Changed.
Configuring flash size...
Flash will be erased from 0x00000000 to 0x00005fff...
Flash will be erased from 0x00008000 to 0x00008fff...
Flash will be erased from 0x00010000 to 0x00052fff...
Flash will be erased from 0x00210000 to 0x01178fff...
SHA digest in image updated
Compressed 21520 bytes to 13704...
Writing at 0x00000000... (100 %)
Wrote 21520 bytes (13704 compressed) at 0x00000000 in 0.3 seconds (effective 567.7 kbit/s)...
Hash of data verified.
Compressed 3072 bytes to 120...
Writing at 0x00008000... (100 %)
Wrote 3072 bytes (120 compressed) at 0x00008000 in 0.0 seconds (effective 641.3 kbit/s)...
Hash of data verified.
Compressed 272928 bytes to 160560...
Writing at 0x00010000... (10 %)
Writing at 0x0001b99d... (20 %)
Writing at 0x00023727... (30 %)
Writing at 0x00029469... (40 %)
Writing at 0x0002e630... (50 %)
Writing at 0x00033df2... (60 %)
Writing at 0x00039a25... (70 %)
Writing at 0x00042520... (80 %)
Writing at 0x00047c0f... (90 %)
Writing at 0x0004db10... (100 %)
Wrote 272928 bytes (160560 compressed) at 0x00010000 in 2.6 seconds (effective 854.9 kbit/s)...
Hash of data verified.
Compressed 16155796 bytes to 15257427...
Writing at 0x00210000... (0 %)
Writing at 0x0021a65e... (0 %)
Writing at 0x00223efe... (0 %)
Writing at 0x002284b0... (0 %)
Writing at 0x0022cf83... (0 %)
Writing at 0x00231748... (0 %)
Writing at 0x00235aa5... (0 %)
Writing at 0x00239e13... (0 %)
Writing at 0x0023e185... (0 %)
Writing at 0x002424f3... (1 %)
Writing at 0x002467f8... (1 %)
Writing at 0x0024ab60... (1 %)
Writing at 0x0024eecf... (1 %)
Writing at 0x00253236... (1 %)
Writing at 0x0025759f... (1 %)
Writing at 0x0025b907... (1 %)
Writing at 0x0025fc76... (1 %)
Writing at 0x00263fd7... (1 %)
Writing at 0x0026833a... (2 %)
Writing at 0x0026c697... (2 %)
Writing at 0x00270a03... (2 %)
Writing at 0x00274d5a... (2 %)
Writing at 0x002790c0... (2 %)
Writing at 0x0027d42f... (2 %)
Writing at 0x0028178f... (2 %)
Writing at 0x00285af4... (2 %)
Writing at 0x00289e53... (2 %)
Writing at 0x0028e1b4... (3 %)
Writing at 0x0029251b... (3 %)
Writing at 0x00296848... (3 %)
Writing at 0x0029ab8d... (3 %)
Writing at 0x0029eef2... (3 %)
Writing at 0x002a325e... (3 %)
Writing at 0x002a75c9... (3 %)
Writing at 0x002ab92e... (3 %)
Writing at 0x002afca0... (3 %)
Writing at 0x002b3ff6... (3 %)
Writing at 0x002b835a... (4 %)
Writing at 0x002bc6c1... (4 %)
Writing at 0x002c0a36... (4 %)
Writing at 0x002c4d9d... (4 %)
Writing at 0x002c9104... (4 %)
Writing at 0x002cd460... (4 %)
Writing at 0x002d17c3... (4 %)
Writing at 0x002d5b2d... (4 %)
Writing at 0x002d9e8e... (4 %)
Writing at 0x002de1f7... (5 %)
Writing at 0x002e2550... (5 %)
Writing at 0x002e68b9... (5 %)
Writing at 0x002eabbb... (5 %)
Writing at 0x002eef1e... (5 %)
Writing at 0x002f3283... (5 %)
Writing at 0x002f75eb... (5 %)
Writing at 0x002fb95c... (5 %)
Writing at 0x002ffcbc... (5 %)
Writing at 0x0030402d... (6 %)
Writing at 0x00308394... (6 %)
Writing at 0x0030c707... (6 %)
Writing at 0x00310a75... (6 %)
Writing at 0x00314dda... (6 %)
Writing at 0x00319147... (6 %)
Writing at 0x0031d4a3... (6 %)
Writing at 0x00321814... (6 %)
Writing at 0x00325b7d... (6 %)
Writing at 0x00329ee5... (6 %)
Writing at 0x0032e242... (7 %)
Writing at 0x003325ae... (7 %)
Writing at 0x0033691f... (7 %)
Writing at 0x0033ac87... (7 %)
Writing at 0x0033ef7c... (7 %)
Writing at 0x003432e7... (7 %)
Writing at 0x00347647... (7 %)
Writing at 0x0034b9ab... (7 %)
Writing at 0x0034fd0d... (7 %)
Writing at 0x0035406f... (8 %)
Writing at 0x003583d2... (8 %)
Writing at 0x0035c73c... (8 %)
Writing at 0x00360a9f... (8 %)
Writing at 0x00364e09... (8 %)
Writing at 0x00369176... (8 %)
Writing at 0x0036d4e6... (8 %)
Writing at 0x00371854... (8 %)
Writing at 0x00375bb9... (8 %)
Writing at 0x00379f24... (9 %)
Writing at 0x0037e290... (9 %)
Writing at 0x003825ef... (9 %)
Writing at 0x0038694e... (9 %)
Writing at 0x0038acb6... (9 %)
Writing at 0x0038f01b... (9 %)
Writing at 0x0039331d... (9 %)
Writing at 0x0039767a... (9 %)
Writing at 0x0039b9db... (9 %)
Writing at 0x0039fd46... (9 %)
Writing at 0x003a40a7... (10 %)
Writing at 0x003a8418... (10 %)
Writing at 0x003ac786... (10 %)
Writing at 0x003b0af1... (10 %)
Writing at 0x003b4e5d... (10 %)
Writing at 0x003b91bb... (10 %)
Writing at 0x003bd528... (10 %)
Writing at 0x003c1883... (10 %)
Writing at 0x003c5bf3... (10 %)
Writing at 0x003c9f52... (11 %)
Writing at 0x003ce2b5... (11 %)
Writing at 0x003d2615... (11 %)
Writing at 0x003d6989... (11 %)
Writing at 0x003dace8... (11 %)
Writing at 0x003df04f... (11 %)
Writing at 0x003e3356... (11 %)
Writing at 0x003e76bc... (11 %)
Writing at 0x003eba24... (11 %)
Writing at 0x003efd85... (12 %)
Writing at 0x003f40e8... (12 %)
Writing at 0x003f844f... (12 %)
Writing at 0x003fc7bb... (12 %)
Writing at 0x00400b29... (12 %)
Writing at 0x00404e95... (12 %)
Writing at 0x004091fe... (12 %)
Writing at 0x0040d55d... (12 %)
Writing at 0x004118bb... (12 %)
Writing at 0x00415c11... (12 %)
Writing at 0x00419f71... (13 %)
Writing at 0x0041e2e3... (13 %)
Writing at 0x0042263b... (13 %)
Writing at 0x004269a6... (13 %)
Writing at 0x0042ad09... (13 %)
Writing at 0x0042f06c... (13 %)
Writing at 0x004333d3... (13 %)
Writing at 0x004376c7... (13 %)
Writing at 0x0043ba31... (13 %)
Writing at 0x0043fd9a... (14 %)
Writing at 0x00444100... (14 %)
Writing at 0x0044846e... (14 %)
Writing at 0x0044c7d0... (14 %)
Writing at 0x00450b44... (14 %)
Writing at 0x00454eb0... (14 %)
Writing at 0x00459216... (14 %)
Writing at 0x0045d584... (14 %)
Writing at 0x004618e2... (14 %)
Writing at 0x00465c4a... (15 %)
Writing at 0x00469fb5... (15 %)
Writing at 0x0046e325... (15 %)
Writing at 0x0047268c... (15 %)
Writing at 0x004769e8... (15 %)
Writing at 0x0047ad60... (15 %)
Writing at 0x0047f0c5... (15 %)
Writing at 0x00483426... (15 %)
Writing at 0x00487793... (15 %)
Writing at 0x0048ba9b... (15 %)
Writing at 0x0048fe05... (16 %)
Writing at 0x00494169... (16 %)
Writing at 0x004984cf... (16 %)
Writing at 0x0049c82f... (16 %)
Writing at 0x004a0b99... (16 %)
Writing at 0x004a4f04... (16 %)
Writing at 0x004a9269... (16 %)
Writing at 0x004ad5d2... (16 %)
Writing at 0x004b1949... (16 %)
Writing at 0x004b5cab... (17 %)
Writing at 0x004ba00f... (17 %)
Writing at 0x004be379... (17 %)
Writing at 0x004c26d8... (17 %)
Writing at 0x004c6a43... (17 %)
Writing at 0x004cadb9... (17 %)
Writing at 0x004cf123... (17 %)
Writing at 0x004d348b... (17 %)
Writing at 0x004d77ef... (17 %)
Writing at 0x004dbb5a... (18 %)
Writing at 0x004dfe67... (18 %)
Writing at 0x004e41cd... (18 %)
Writing at 0x004e8539... (18 %)
Writing at 0x004ec89f... (18 %)
Writing at 0x004f0c08... (18 %)
Writing at 0x004f4f6f... (18 %)
Writing at 0x004f92da... (18 %)
Writing at 0x004fd641... (18 %)
Writing at 0x005019ab... (18 %)
Writing at 0x00505d1a... (19 %)
Writing at 0x0050a07a... (19 %)
Writing at 0x0050e3e0... (19 %)
Writing at 0x00512640... (19 %)
Writing at 0x00517af4... (19 %)
Writing at 0x0051d452... (19 %)
Writing at 0x00522e7b... (19 %)
Writing at 0x00528870... (19 %)
Writing at 0x0052d441... (19 %)
Writing at 0x00531678... (20 %)
Writing at 0x005358be... (20 %)
Writing at 0x00539ad7... (20 %)
Writing at 0x0053dd0c... (20 %)
Writing at 0x00541f48... (20 %)
Writing at 0x00546081... (20 %)
Writing at 0x0054a5df... (20 %)
Writing at 0x0054e7f4... (20 %)
Writing at 0x005529bc... (20 %)
Writing at 0x00556b2c... (21 %)
Writing at 0x0055ad4f... (21 %)
Writing at 0x0055ef86... (21 %)
Writing at 0x005631cd... (21 %)
Writing at 0x005673f2... (21 %)
Writing at 0x0056b628... (21 %)
Writing at 0x0056f858... (21 %)
Writing at 0x00573a8e... (21 %)
Writing at 0x00577cc2... (21 %)
Writing at 0x0057c400... (21 %)
Writing at 0x00580615... (22 %)
Writing at 0x00584857... (22 %)
Writing at 0x00588a38... (22 %)
Writing at 0x0058cc83... (22 %)
Writing at 0x00590ead... (22 %)
Writing at 0x005950e0... (22 %)
Writing at 0x00599323... (22 %)
Writing at 0x0059d4ce... (22 %)
Writing at 0x005a2047... (22 %)
Writing at 0x005a6b56... (23 %)
Writing at 0x005ab001... (23 %)
Writing at 0x005af49a... (23 %)
Writing at 0x005b36bf... (23 %)
Writing at 0x005b78fd... (23 %)
Writing at 0x005bbb22... (23 %)
Writing at 0x005bfd58... (23 %)
Writing at 0x005c3f96... (23 %)
Writing at 0x005c8144... (23 %)
Writing at 0x005cc5e2... (24 %)
Writing at 0x005d07ea... (24 %)
Writing at 0x005d49dd... (24 %)
Writing at 0x005d8b8a... (24 %)
Writing at 0x005dcd89... (24 %)
Writing at 0x005e0fb9... (24 %)
Writing at 0x005e51eb... (24 %)
Writing at 0x005e9413... (24 %)
Writing at 0x005ed66b... (24 %)
Writing at 0x005f18a3... (25 %)
Writing at 0x005f5ad1... (25 %)
Writing at 0x005f9d17... (25 %)
Writing at 0x005fe57f... (25 %)
Writing at 0x006026e8... (25 %)
Writing at 0x0060692f... (25 %)
Writing at 0x0060ab55... (25 %)
Writing at 0x0060ed91... (25 %)
Writing at 0x00612fca... (25 %)
Writing at 0x006171fd... (25 %)
Writing at 0x0061b43b... (26 %)
Writing at 0x0061f677... (26 %)
Writing at 0x00623ea3... (26 %)
Writing at 0x00628a25... (26 %)
Writing at 0x0062d043... (26 %)
Writing at 0x006314f1... (26 %)
Writing at 0x00635755... (26 %)
Writing at 0x00639988... (26 %)
Writing at 0x0063dbc3... (26 %)
Writing at 0x00641e06... (27 %)
Writing at 0x00646063... (27 %)
Writing at 0x0064a288... (27 %)
Writing at 0x0064e758... (27 %)
Writing at 0x00652907... (27 %)
Writing at 0x00656b05... (27 %)
Writing at 0x0065acd1... (27 %)
Writing at 0x0065ee98... (27 %)
Writing at 0x006630d6... (27 %)
Writing at 0x0066730f... (28 %)
Writing at 0x0066b52e... (28 %)
Writing at 0x0066f773... (28 %)
Writing at 0x006739c1... (28 %)
Writing at 0x00677c00... (28 %)
Writing at 0x0067be4c... (28 %)
Writing at 0x0068067f... (28 %)
Writing at 0x00684930... (28 %)
Writing at 0x00688b6c... (28 %)
Writing at 0x0068cd9f... (28 %)
Writing at 0x00690fef... (29 %)
Writing at 0x00695244... (29 %)
Writing at 0x0069946c... (29 %)
Writing at 0x0069d69c... (29 %)
Writing at 0x006a18d2... (29 %)
Writing at 0x006a5caf... (29 %)
Writing at 0x006aab05... (29 %)
Writing at 0x006af317... (29 %)
Writing at 0x006b3780... (29 %)
Writing at 0x006b7afa... (30 %)
Writing at 0x006bbd24... (30 %)
Writing at 0x006bff57... (30 %)
Writing at 0x006c4197... (30 %)
Writing at 0x006c83b3... (30 %)
Writing at 0x006cc5ef... (30 %)
Writing at 0x006d08f7... (30 %)
Writing at 0x006d4c30... (30 %)
Writing at 0x006d8e59... (30 %)
Writing at 0x006dd026... (31 %)
Writing at 0x006e1139... (31 %)
Writing at 0x006e5378... (31 %)
Writing at 0x006e95a5... (31 %)
Writing at 0x006ed7d4... (31 %)
Writing at 0x006f19fb... (31 %)
Writing at 0x006f5c42... (31 %)
Writing at 0x006f9e86... (31 %)
Writing at 0x006fe0a0... (31 %)
Writing at 0x0070239c... (31 %)
Writing at 0x00706a56... (32 %)
Writing at 0x0070ac94... (32 %)
Writing at 0x0070eecb... (32 %)
Writing at 0x00713111... (32 %)
Writing at 0x00717358... (32 %)
Writing at 0x0071b5b3... (32 %)
Writing at 0x0071f7ed... (32 %)
Writing at 0x00723a3f... (32 %)
Writing at 0x00727b62... (32 %)
Writing at 0x0072ca20... (33 %)
Writing at 0x00731457... (33 %)
Writing at 0x007358d4... (33 %)
Writing at 0x00739d09... (33 %)
Writing at 0x0073df3a... (33 %)
Writing at 0x00742187... (33 %)
Writing at 0x007463b0... (33 %)
Writing at 0x0074a5de... (33 %)
Writing at 0x0074e820... (33 %)
Writing at 0x007529bf... (34 %)
Writing at 0x00756ec0... (34 %)
Writing at 0x0075b0c5... (34 %)
Writing at 0x0075f270... (34 %)
Writing at 0x00763453... (34 %)
Writing at 0x00767666... (34 %)
Writing at 0x0076b8b0... (34 %)
Writing at 0x0076fae3... (34 %)
Writing at 0x00773d28... (34 %)
Writing at 0x00777f87... (34 %)
Writing at 0x0077c1d3... (35 %)
Writing at 0x00780413... (35 %)
Writing at 0x007845eb... (35 %)
Writing at 0x00788db8... (35 %)
Writing at 0x0078cfe5... (35 %)
Writing at 0x007911c2... (35 %)
Writing at 0x00795407... (35 %)
Writing at 0x0079963f... (35 %)
Writing at 0x0079d881... (35 %)
Writing at 0x007a1ab7... (36 %)
Writing at 0x007a5ce9... (36 %)
Writing at 0x007a9eaa... (36 %)
Writing at 0x007ae9bb... (36 %)
Writing at 0x007b3688... (36 %)
Writing at 0x007b7b8a... (36 %)
Writing at 0x007bc15f... (36 %)
Writing at 0x007c0355... (36 %)
Writing at 0x007c4598... (36 %)
Writing at 0x007c87e4... (37 %)
Writing at 0x007cca1f... (37 %)
Writing at 0x007d0c61... (37 %)
Writing at 0x007d4e48... (37 %)
Writing at 0x007d92e2... (37 %)
Writing at 0x007dd4c7... (37 %)
Writing at 0x007e169e... (37 %)
Writing at 0x007e5844... (37 %)
Writing at 0x007e9a49... (37 %)
Writing at 0x007edc79... (37 %)
Writing at 0x007f1eb4... (38 %)
Writing at 0x007f60d8... (38 %)
Writing at 0x007fa31f... (38 %)
Writing at 0x007fe56e... (38 %)
Writing at 0x008027b6... (38 %)
Writing at 0x00806a08... (38 %)
Writing at 0x0080b1f0... (38 %)
Writing at 0x0080f3b0... (38 %)
Writing at 0x008135fd... (38 %)
Writing at 0x00817824... (39 %)
Writing at 0x0081ba64... (39 %)
Writing at 0x0081fca9... (39 %)
Writing at 0x00823eeb... (39 %)
Writing at 0x0082813e... (39 %)
Writing at 0x0082c390... (39 %)
Writing at 0x00830a76... (39 %)
Writing at 0x008356d8... (39 %)
Writing at 0x00839d09... (39 %)
Writing at 0x0083e1b5... (40 %)
Writing at 0x00842461... (40 %)
Writing at 0x00846697... (40 %)
Writing at 0x0084a8e1... (40 %)
Writing at 0x0084eb0d... (40 %)
Writing at 0x00852d52... (40 %)
Writing at 0x00856f5e... (40 %)
Writing at 0x0085b4f6... (40 %)
Writing at 0x0085f63b... (40 %)
Writing at 0x00863857... (40 %)
Writing at 0x00867a8e... (41 %)
Writing at 0x0086bc40... (41 %)
Writing at 0x0086fe84... (41 %)
Writing at 0x008740c1... (41 %)
Writing at 0x0087831d... (41 %)
Writing at 0x0087c569... (41 %)
Writing at 0x008807af... (41 %)
Writing at 0x008849fc... (41 %)
Writing at 0x00888c2c... (41 %)
Writing at 0x0088d2af... (42 %)
Writing at 0x008915f8... (42 %)
Writing at 0x00895855... (42 %)
Writing at 0x00899ac5... (42 %)
Writing at 0x0089dd10... (42 %)
Writing at 0x008a1f5e... (42 %)
Writing at 0x008a61be... (42 %)
Writing at 0x008aa432... (42 %)
Writing at 0x008ae68b... (42 %)
Writing at 0x008b2966... (43 %)
Writing at 0x008b7651... (43 %)
Writing at 0x008bbe22... (43 %)
Writing at 0x008c037a... (43 %)
Writing at 0x008c45df... (43 %)
Writing at 0x008c87fa... (43 %)
Writing at 0x008cca02... (43 %)
Writing at 0x008d0c12... (43 %)
Writing at 0x008d4e4a... (43 %)
Writing at 0x008d9080... (43 %)
Writing at 0x008dd3dd... (44 %)
Writing at 0x008e1702... (44 %)
Writing at 0x008e590e... (44 %)
Writing at 0x008e9bba... (44 %)
Writing at 0x008edd04... (44 %)
Writing at 0x008f1f41... (44 %)
Writing at 0x008f6193... (44 %)
Writing at 0x008fa3d9... (44 %)
Writing at 0x008fe62b... (44 %)
Writing at 0x0090288a... (45 %)
Writing at 0x00906ac3... (45 %)
Writing at 0x0090ad28... (45 %)
Writing at 0x0090ef40... (45 %)
Writing at 0x0091368b... (45 %)
Writing at 0x009178e0... (45 %)
Writing at 0x0091bb36... (45 %)
Writing at 0x0091fd84... (45 %)
Writing at 0x00923fda... (45 %)
Writing at 0x00928220... (46 %)
Writing at 0x0092c470... (46 %)
Writing at 0x009306b2... (46 %)
Writing at 0x00934844... (46 %)
Writing at 0x009395e8... (46 %)
Writing at 0x0093dfc0... (46 %)
Writing at 0x00942494... (46 %)
Writing at 0x009474f3... (46 %)
Writing at 0x0094b81c... (46 %)
Writing at 0x0094fb76... (46 %)
Writing at 0x00954e79... (47 %)
Writing at 0x009591d3... (47 %)
Writing at 0x0095d549... (47 %)
Writing at 0x00965662... (47 %)
Writing at 0x009699c5... (47 %)
Writing at 0x0096dcc7... (47 %)
Writing at 0x00972033... (47 %)
Writing at 0x00976396... (47 %)
Writing at 0x0097a6fb... (47 %)
Writing at 0x0097ea60... (48 %)
Writing at 0x00982dc5... (48 %)
Writing at 0x00987130... (48 %)
Writing at 0x0098b46e... (48 %)
Writing at 0x0098ff0a... (48 %)
Writing at 0x009945f8... (48 %)
Writing at 0x00998821... (48 %)
Writing at 0x0099ca64... (48 %)
Writing at 0x009a0c9c... (48 %)
Writing at 0x009a4eba... (49 %)
Writing at 0x009a90da... (49 %)
Writing at 0x009ad311... (49 %)
Writing at 0x009b154c... (49 %)
Writing at 0x009b5771... (49 %)
Writing at 0x009b999f... (49 %)
Writing at 0x009bdbd1... (49 %)
Writing at 0x009c1deb... (49 %)
Writing at 0x009c601f... (49 %)
Writing at 0x009ca25a... (50 %)
Writing at 0x009ce48e... (50 %)
Writing at 0x009d26bd... (50 %)
Writing at 0x009d68ec... (50 %)
Writing at 0x009dab3a... (50 %)
Writing at 0x009ded6e... (50 %)
Writing at 0x009e2fad... (50 %)
Writing at 0x009e71d4... (50 %)
Writing at 0x009eb411... (50 %)
Writing at 0x009ef649... (50 %)
Writing at 0x009f3810... (51 %)
Writing at 0x009f7a23... (51 %)
Writing at 0x009fbc61... (51 %)
Writing at 0x009ffeb1... (51 %)
Writing at 0x00a040f8... (51 %)
Writing at 0x00a0832c... (51 %)
Writing at 0x00a0c561... (51 %)
Writing at 0x00a1079c... (51 %)
Writing at 0x00a149c7... (51 %)
Writing at 0x00a18bfb... (52 %)
Writing at 0x00a1ce28... (52 %)
Writing at 0x00a21061... (52 %)
Writing at 0x00a25282... (52 %)
Writing at 0x00a294a8... (52 %)
Writing at 0x00a2d6be... (52 %)
Writing at 0x00a318fd... (52 %)
Writing at 0x00a35b25... (52 %)
Writing at 0x00a39d4f... (52 %)
Writing at 0x00a3df7a... (53 %)
Writing at 0x00a421b2... (53 %)
Writing at 0x00a463dd... (53 %)
Writing at 0x00a4a60a... (53 %)
Writing at 0x00a4e835... (53 %)
Writing at 0x00a52a67... (53 %)
Writing at 0x00a56c90... (53 %)
Writing at 0x00a5aeba... (53 %)
Writing at 0x00a5f0da... (53 %)
Writing at 0x00a6332c... (53 %)
Writing at 0x00a67568... (54 %)
Writing at 0x00a6b787... (54 %)
Writing at 0x00a6f9ae... (54 %)
Writing at 0x00a73b78... (54 %)
Writing at 0x00a77dbb... (54 %)
Writing at 0x00a7bfe1... (54 %)
Writing at 0x00a8020a... (54 %)
Writing at 0x00a84432... (54 %)
Writing at 0x00a8866c... (54 %)
Writing at 0x00a8c88a... (55 %)
Writing at 0x00a90ace... (55 %)
Writing at 0x00a94cf8... (55 %)
Writing at 0x00a98f2e... (55 %)
Writing at 0x00a9d160... (55 %)
Writing at 0x00aa13ae... (55 %)
Writing at 0x00aa55e2... (55 %)
Writing at 0x00aa9825... (55 %)
Writing at 0x00aada49... (55 %)
Writing at 0x00ab1c89... (56 %)
Writing at 0x00ab5ed1... (56 %)
Writing at 0x00aba115... (56 %)
Writing at 0x00abe35e... (56 %)
Writing at 0x00ac2573... (56 %)
Writing at 0x00ac67a1... (56 %)
Writing at 0x00aca9ce... (56 %)
Writing at 0x00acec01... (56 %)
Writing at 0x00ad2e3c... (56 %)
Writing at 0x00ad706d... (56 %)
Writing at 0x00adb2a7... (57 %)
Writing at 0x00adf4e9... (57 %)
Writing at 0x00ae3715... (57 %)
Writing at 0x00ae7941... (57 %)
Writing at 0x00aebb62... (57 %)
Writing at 0x00aefd8b... (57 %)
Writing at 0x00af3f60... (57 %)
Writing at 0x00af819b... (57 %)
Writing at 0x00afc3d8... (57 %)
Writing at 0x00b00619... (58 %)
Writing at 0x00b04868... (58 %)
Writing at 0x00b08a81... (58 %)
Writing at 0x00b0ccb4... (58 %)
Writing at 0x00b10ecf... (58 %)
Writing at 0x00b15114... (58 %)
Writing at 0x00b19349... (58 %)
Writing at 0x00b1d565... (58 %)
Writing at 0x00b21790... (58 %)
Writing at 0x00b259cc... (59 %)
Writing at 0x00b29c04... (59 %)
Writing at 0x00b2de3d... (59 %)
Writing at 0x00b3206c... (59 %)
Writing at 0x00b362ad... (59 %)
Writing at 0x00b3a4d5... (59 %)
Writing at 0x00b3e6fd... (59 %)
Writing at 0x00b42941... (59 %)
Writing at 0x00b46b6b... (59 %)
Writing at 0x00b4ada0... (59 %)
Writing at 0x00b4efe3... (60 %)
Writing at 0x00b53202... (60 %)
Writing at 0x00b57449... (60 %)
Writing at 0x00b5b686... (60 %)
Writing at 0x00b5f8c4... (60 %)
Writing at 0x00b63af0... (60 %)
Writing at 0x00b67d2b... (60 %)
Writing at 0x00b6bf6a... (60 %)
Writing at 0x00b701b9... (60 %)
Writing at 0x00b7439f... (61 %)
Writing at 0x00b785e4... (61 %)
Writing at 0x00b7c822... (61 %)
Writing at 0x00b80a52... (61 %)
Writing at 0x00b84c8e... (61 %)
Writing at 0x00b88ed0... (61 %)
Writing at 0x00b8d11a... (61 %)
Writing at 0x00b9134f... (61 %)
Writing at 0x00b95594... (61 %)
Writing at 0x00b997bc... (62 %)
Writing at 0x00b9d9da... (62 %)
Writing at 0x00ba1c06... (62 %)
Writing at 0x00ba5e42... (62 %)
Writing at 0x00baa07e... (62 %)
Writing at 0x00bae2cf... (62 %)
Writing at 0x00bb24fa... (62 %)
Writing at 0x00bb6737... (62 %)
Writing at 0x00bba98c... (62 %)
Writing at 0x00bbebd6... (62 %)
Writing at 0x00bc2e10... (63 %)
Writing at 0x00bc7040... (63 %)
Writing at 0x00bcb28a... (63 %)
Writing at 0x00bcf4d0... (63 %)
Writing at 0x00bd3706... (63 %)
Writing at 0x00bd793f... (63 %)
Writing at 0x00bdbb70... (63 %)
Writing at 0x00bdfdaf... (63 %)
Writing at 0x00be3ff6... (63 %)
Writing at 0x00be8237... (64 %)
Writing at 0x00bec46b... (64 %)
Writing at 0x00bf062f... (64 %)
Writing at 0x00bf485f... (64 %)
Writing at 0x00bf8a9e... (64 %)
Writing at 0x00bfccf2... (64 %)
Writing at 0x00c00f28... (64 %)
Writing at 0x00c0515e... (64 %)
Writing at 0x00c093a1... (64 %)
Writing at 0x00c0d5db... (65 %)
Writing at 0x00c117fe... (65 %)
Writing at 0x00c15a4c... (65 %)
Writing at 0x00c19c72... (65 %)
Writing at 0x00c1de93... (65 %)
Writing at 0x00c220bc... (65 %)
Writing at 0x00c262fb... (65 %)
Writing at 0x00c2a532... (65 %)
Writing at 0x00c2e75b... (65 %)
Writing at 0x00c329a8... (65 %)
Writing at 0x00c36be0... (66 %)
Writing at 0x00c3ae18... (66 %)
Writing at 0x00c3f03e... (66 %)
Writing at 0x00c43270... (66 %)
Writing at 0x00c474ae... (66 %)
Writing at 0x00c4b6de... (66 %)
Writing at 0x00c4f918... (66 %)
Writing at 0x00c53b5a... (66 %)
Writing at 0x00c57d8c... (66 %)
Writing at 0x00c5bfca... (67 %)
Writing at 0x00c60204... (67 %)
Writing at 0x00c6442e... (67 %)
Writing at 0x00c6866f... (67 %)
Writing at 0x00c6c8a9... (67 %)
Writing at 0x00c70a88... (67 %)
Writing at 0x00c74ccb... (67 %)
Writing at 0x00c78f02... (67 %)
Writing at 0x00c7d131... (67 %)
Writing at 0x00c8136d... (68 %)
Writing at 0x00c855ae... (68 %)
Writing at 0x00c897ec... (68 %)
Writing at 0x00c8da18... (68 %)
Writing at 0x00c91c59... (68 %)
Writing at 0x00c95e7c... (68 %)
Writing at 0x00c9a0ad... (68 %)
Writing at 0x00c9e2e7... (68 %)
Writing at 0x00ca2518... (68 %)
Writing at 0x00ca6768... (68 %)
Writing at 0x00caa99e... (69 %)
Writing at 0x00caebd3... (69 %)
Writing at 0x00cb2df9... (69 %)
Writing at 0x00cb7025... (69 %)
Writing at 0x00cbb266... (69 %)
Writing at 0x00cbf497... (69 %)
Writing at 0x00cc36c1... (69 %)
Writing at 0x00cc78fc... (69 %)
Writing at 0x00ccbb27... (69 %)
Writing at 0x00ccfd50... (70 %)
Writing at 0x00cd3f89... (70 %)
Writing at 0x00cd81aa... (70 %)
Writing at 0x00cdc3e7... (70 %)
Writing at 0x00ce0634... (70 %)
Writing at 0x00ce4876... (70 %)
Writing at 0x00ce8ab7... (70 %)
Writing at 0x00cecca3... (70 %)
Writing at 0x00cf0efa... (70 %)
Writing at 0x00cf5fd1... (71 %)
Writing at 0x00cfb0ae... (71 %)
Writing at 0x00d001af... (71 %)
Writing at 0x00d052c1... (71 %)
Writing at 0x00d0a38b... (71 %)
Writing at 0x00d0f762... (71 %)
Writing at 0x00d14d71... (71 %)
Writing at 0x00d1a399... (71 %)
Writing at 0x00d1f9b0... (71 %)
Writing at 0x00d24f17... (71 %)
Writing at 0x00d295f2... (72 %)
Writing at 0x00d2d82b... (72 %)
Writing at 0x00d31a5b... (72 %)
Writing at 0x00d35ca3... (72 %)
Writing at 0x00d39ee9... (72 %)
Writing at 0x00d3e10f... (72 %)
Writing at 0x00d42338... (72 %)
Writing at 0x00d46567... (72 %)
Writing at 0x00d4a705... (72 %)
Writing at 0x00d4eef5... (73 %)
Writing at 0x00d5313e... (73 %)
Writing at 0x00d5736c... (73 %)
Writing at 0x00d5b59a... (73 %)
Writing at 0x00d5f7de... (73 %)
Writing at 0x00d63a20... (73 %)
Writing at 0x00d67c51... (73 %)
Writing at 0x00d6be97... (73 %)
Writing at 0x00d7002c... (73 %)
Writing at 0x00d747ab... (74 %)
Writing at 0x00d788ce... (74 %)
Writing at 0x00d7caff... (74 %)
Writing at 0x00d80d3a... (74 %)
Writing at 0x00d84f68... (74 %)
Writing at 0x00d891b0... (74 %)
Writing at 0x00d8d3ea... (74 %)
Writing at 0x00d91622... (74 %)
Writing at 0x00d95844... (74 %)
Writing at 0x00d99a70... (75 %)
Writing at 0x00d9dcae... (75 %)
Writing at 0x00da1ee2... (75 %)
Writing at 0x00da611c... (75 %)
Writing at 0x00daa357... (75 %)
Writing at 0x00dae5a2... (75 %)
Writing at 0x00db27c5... (75 %)
Writing at 0x00db69f5... (75 %)
Writing at 0x00dbabc0... (75 %)
Writing at 0x00dbede7... (75 %)
Writing at 0x00dc2fff... (76 %)
Writing at 0x00dc7226... (76 %)
Writing at 0x00dcb46f... (76 %)
Writing at 0x00dcf68e... (76 %)
Writing at 0x00dd38b5... (76 %)
Writing at 0x00dd7ac7... (76 %)
Writing at 0x00ddbcf8... (76 %)
Writing at 0x00ddff0c... (76 %)
Writing at 0x00de412a... (76 %)
Writing at 0x00de8364... (77 %)
Writing at 0x00dec57c... (77 %)
Writing at 0x00df07af... (77 %)
Writing at 0x00df49e9... (77 %)
Writing at 0x00df8c15... (77 %)
Writing at 0x00dfce58... (77 %)
Writing at 0x00e01084... (77 %)
Writing at 0x00e052bd... (77 %)
Writing at 0x00e094e7... (77 %)
Writing at 0x00e0d711... (78 %)
Writing at 0x00e11951... (78 %)
Writing at 0x00e15b7e... (78 %)
Writing at 0x00e19da6... (78 %)
Writing at 0x00e1dfe5... (78 %)
Writing at 0x00e22218... (78 %)
Writing at 0x00e26440... (78 %)
Writing at 0x00e2a680... (78 %)
Writing at 0x00e2e8a1... (78 %)
Writing at 0x00e32ad6... (78 %)
Writing at 0x00e36d04... (79 %)
Writing at 0x00e3af11... (79 %)
Writing at 0x00e3f107... (79 %)
Writing at 0x00e43341... (79 %)
Writing at 0x00e4755b... (79 %)
Writing at 0x00e4b779... (79 %)
Writing at 0x00e4f9b5... (79 %)
Writing at 0x00e53bdc... (79 %)
Writing at 0x00e57e1c... (79 %)
Writing at 0x00e5c047... (80 %)
Writing at 0x00e6028f... (80 %)
Writing at 0x00e644d3... (80 %)
Writing at 0x00e6871f... (80 %)
Writing at 0x00e6c94a... (80 %)
Writing at 0x00e70b83... (80 %)
Writing at 0x00e74da5... (80 %)
Writing at 0x00e78fe0... (80 %)
Writing at 0x00e7d219... (80 %)
Writing at 0x00e81449... (81 %)
Writing at 0x00e85681... (81 %)
Writing at 0x00e898c1... (81 %)
Writing at 0x00e8db08... (81 %)
Writing at 0x00e91d3c... (81 %)
Writing at 0x00e95f86... (81 %)
Writing at 0x00e9a1bd... (81 %)
Writing at 0x00e9e3f0... (81 %)
Writing at 0x00ea262f... (81 %)
Writing at 0x00ea6878... (81 %)
Writing at 0x00eaaab1... (82 %)
Writing at 0x00eaecf6... (82 %)
Writing at 0x00eb2f3b... (82 %)
Writing at 0x00eb7170... (82 %)
Writing at 0x00ebb357... (82 %)
Writing at 0x00ebf5a9... (82 %)
Writing at 0x00ec37de... (82 %)
Writing at 0x00ec7a16... (82 %)
Writing at 0x00ecbc64... (82 %)
Writing at 0x00ecfeaa... (83 %)
Writing at 0x00ed40f4... (83 %)
Writing at 0x00ed832b... (83 %)
Writing at 0x00edc56d... (83 %)
Writing at 0x00ee07a5... (83 %)
Writing at 0x00ee49f4... (83 %)
Writing at 0x00ee8c3c... (83 %)
Writing at 0x00eece6c... (83 %)
Writing at 0x00ef1094... (83 %)
Writing at 0x00ef52dc... (84 %)
Writing at 0x00ef94f6... (84 %)
Writing at 0x00efd71f... (84 %)
Writing at 0x00f01962... (84 %)
Writing at 0x00f05b99... (84 %)
Writing at 0x00f09dd6... (84 %)
Writing at 0x00f0e00d... (84 %)
Writing at 0x00f12243... (84 %)
Writing at 0x00f16498... (84 %)
Writing at 0x00f1a6ce... (84 %)
Writing at 0x00f1e916... (85 %)
Writing at 0x00f22b3c... (85 %)
Writing at 0x00f26d70... (85 %)
Writing at 0x00f2afaa... (85 %)
Writing at 0x00f2f1d8... (85 %)
Writing at 0x00f33407... (85 %)
Writing at 0x00f37655... (85 %)
Writing at 0x00f3b81e... (85 %)
Writing at 0x00f3fa48... (85 %)
Writing at 0x00f43c91... (86 %)
Writing at 0x00f47ec5... (86 %)
Writing at 0x00f4c0f4... (86 %)
Writing at 0x00f5032d... (86 %)
Writing at 0x00f54574... (86 %)
Writing at 0x00f587bd... (86 %)
Writing at 0x00f5c9ec... (86 %)
Writing at 0x00f60c22... (86 %)
Writing at 0x00f64e68... (86 %)
Writing at 0x00f690a2... (87 %)
Writing at 0x00f6d2c2... (87 %)
Writing at 0x00f71503... (87 %)
Writing at 0x00f75741... (87 %)
Writing at 0x00f7998c... (87 %)
Writing at 0x00f7dbc2... (87 %)
Writing at 0x00f81df5... (87 %)
Writing at 0x00f86035... (87 %)
Writing at 0x00f8a275... (87 %)
Writing at 0x00f8e48d... (87 %)
Writing at 0x00f926c4... (88 %)
Writing at 0x00f968e8... (88 %)
Writing at 0x00f9ab21... (88 %)
Writing at 0x00f9ed48... (88 %)
Writing at 0x00fa2f70... (88 %)
Writing at 0x00fa71a7... (88 %)
Writing at 0x00fab3e5... (88 %)
Writing at 0x00faf615... (88 %)
Writing at 0x00fb3847... (88 %)
Writing at 0x00fb7a1b... (89 %)
Writing at 0x00fbbc52... (89 %)
Writing at 0x00fbfe94... (89 %)
Writing at 0x00fc40c8... (89 %)
Writing at 0x00fc82f1... (89 %)
Writing at 0x00fcc53f... (89 %)
Writing at 0x00fd0774... (89 %)
Writing at 0x00fd49ab... (89 %)
Writing at 0x00fd8bf6... (89 %)
Writing at 0x00fdce4a... (90 %)
Writing at 0x00fe1089... (90 %)
Writing at 0x00fe52c3... (90 %)
Writing at 0x00fe94f9... (90 %)
Writing at 0x00fed727... (90 %)
Writing at 0x00ff197e... (90 %)
Writing at 0x00ff5bb7... (90 %)
Writing at 0x00ff9deb... (90 %)
Writing at 0x00ffe021... (90 %)
Writing at 0x01002273... (90 %)
Writing at 0x010064bc... (91 %)
Writing at 0x0100a6fe... (91 %)
Writing at 0x0100e95d... (91 %)
Writing at 0x01012b8f... (91 %)
Writing at 0x01016dd6... (91 %)
Writing at 0x0101b012... (91 %)
Writing at 0x0101f24c... (91 %)
Writing at 0x0102348c... (91 %)
Writing at 0x010276bc... (91 %)
Writing at 0x0102b8ef... (92 %)
Writing at 0x0102fb2a... (92 %)
Writing at 0x01033d68... (92 %)
Writing at 0x01037f36... (92 %)
Writing at 0x0103c177... (92 %)
Writing at 0x010403b9... (92 %)
Writing at 0x01044603... (92 %)
Writing at 0x0104884f... (92 %)
Writing at 0x0104ca8e... (92 %)
Writing at 0x01050cba... (93 %)
Writing at 0x01054ef6... (93 %)
Writing at 0x0105911e... (93 %)
Writing at 0x0105d358... (93 %)
Writing at 0x01061582... (93 %)
Writing at 0x010657a6... (93 %)
Writing at 0x010699ca... (93 %)
Writing at 0x0106dbfc... (93 %)
Writing at 0x01071e1e... (93 %)
Writing at 0x0107604d... (93 %)
Writing at 0x0107a27d... (94 %)
Writing at 0x0107e4bd... (94 %)
Writing at 0x010826fa... (94 %)
Writing at 0x0108693a... (94 %)
Writing at 0x0108ab64... (94 %)
Writing at 0x0108eda2... (94 %)
Writing at 0x01092fc6... (94 %)
Writing at 0x010971e5... (94 %)
Writing at 0x0109b41f... (94 %)
Writing at 0x0109f64e... (95 %)
Writing at 0x010a387b... (95 %)
Writing at 0x010a7aa8... (95 %)
Writing at 0x010abcdc... (95 %)
Writing at 0x010aff0c... (95 %)
Writing at 0x010b4142... (95 %)
Writing at 0x010b832d... (95 %)
Writing at 0x010bc570... (95 %)
Writing at 0x010c07a5... (95 %)
Writing at 0x010c49dc... (96 %)
Writing at 0x010c8c2e... (96 %)
Writing at 0x010cce60... (96 %)
Writing at 0x010d109b... (96 %)
Writing at 0x010d52ac... (96 %)
Writing at 0x010da443... (96 %)
Writing at 0x010df605... (96 %)
Writing at 0x010e47a9... (96 %)
Writing at 0x010e996a... (96 %)
Writing at 0x010eeb25... (96 %)
Writing at 0x010f4103... (97 %)
Writing at 0x010f9897... (97 %)
Writing at 0x010ff03b... (97 %)
Writing at 0x011047f9... (97 %)
Writing at 0x0110a009... (97 %)
Writing at 0x0110e55b... (97 %)
Writing at 0x01112798... (97 %)
Writing at 0x011169d1... (97 %)
Writing at 0x0111ac00... (97 %)
Writing at 0x0111edd0... (98 %)
Writing at 0x01122ff3... (98 %)
Writing at 0x01127226... (98 %)
Writing at 0x0112b46b... (98 %)
Writing at 0x0112f854... (98 %)
Writing at 0x01133de6... (98 %)
Writing at 0x0113801f... (98 %)
Writing at 0x0113c25b... (98 %)
Writing at 0x01140494... (98 %)
Writing at 0x011446dc... (99 %)
Writing at 0x01148904... (99 %)
Writing at 0x0114cb31... (99 %)
Writing at 0x01150d7b... (99 %)
Writing at 0x01154ee3... (99 %)
Writing at 0x011595ff... (99 %)
Writing at 0x0115d71e... (99 %)
Writing at 0x01165b13... (99 %)
Writing at 0x0116e020... (99 %)
Writing at 0x011764ad... (100 %)
Wrote 16155796 bytes (15257427 compressed) at 0x00210000 in 160.6 seconds (effective 805.0 kbit/s)...
Hash of data verified.

Leaving...
Hard resetting via RTS pin...
ESP-ROM:esp32s3-20210327
Build:Mar 27 2021
rst:0x1 (POWERON),boot:0x8 (SPI_FAST_FLASH_BOOT)
SPIWP:0xee
Octal Flash Mode Enabled
For OPI Flash, Use Default Flash Boot Mode
mode:SLOW_RD, clock div:1
load:0x3fce2820,len:0x15bc
load:0x403c8700,len:0xe2c
load:0x403cb700,len:0x2fcc
entry 0x403c8944
I (32) boot: ESP-IDF v5.5.2 2nd stage bootloader
I (33) boot: compile time Sep 27 2026 04:25:18
I (33) boot: Multicore bootloader
I (33) boot: chip revision: v0.2
I (36) boot: efuse block revision: v1.3
I (39) boot.esp32s3: Boot SPI Speed : 80MHz
I (43) boot.esp32s3: SPI Mode       : SLOW READ
I (47) boot.esp32s3: SPI Flash Size : 32MB
I (51) boot: Enabling RNG early entropy source...
I (56) boot: Partition Table:
I (58) boot: ## Label            Usage          Type ST Offset   Length
I (65) boot:  0 nvs              WiFi data        01 02 00009000 00006000
I (71) boot:  1 phy_init         RF data          01 01 0000f000 00001000
I (78) boot:  2 factory          factory app      00 00 00010000 00200000
I (84) boot:  3 model            Unknown data     01 40 00210000 01df0000
I (91) boot: End of partition table
I (94) esp_image: segment 0: paddr=00010020 vaddr=3c030020 size=0bc6ch ( 48236) map
I (113) esp_image: segment 1: paddr=0001bc94 vaddr=3fc97b00 size=02f10h ( 12048) load
I (117) esp_image: segment 2: paddr=0001ebac vaddr=40378000 size=0146ch (  5228) load
I (119) esp_image: segment 3: paddr=00020020 vaddr=42000020 size=243d8h (148440) map
I (160) esp_image: segment 4: paddr=00044400 vaddr=4037946c size=0e5d4h ( 58836) load
I (182) esp_image: segment 5: paddr=000529dc vaddr=50000000 size=00020h (    32) load
I (189) boot: Loaded app from partition at offset 0x10000
I (189) boot: Disabling RNG early entropy source...
I (201) MSPI Timing: Enter flash timing tuning
I (201) octal_psram: vendor id    : 0x0d (AP)
I (202) octal_psram: dev id       : 0x03 (generation 4)
I (203) octal_psram: density      : 0x05 (128 Mbit)
I (207) octal_psram: good-die     : 0x01 (Pass)
I (211) octal_psram: Latency      : 0x01 (Fixed)
I (217) octal_psram: VCC          : 0x00 (1.8V)
I (220) octal_psram: SRF          : 0x01 (Fast Refresh)
I (225) octal_psram: BurstType    : 0x01 (Hybrid Wrap)
I (230) octal_psram: BurstLen     : 0x01 (32 Byte)
I (234) octal_psram: Readlatency  : 0x02 (10 cycles@Fixed)
I (239) octal_psram: DriveStrength: 0x00 (1/1)
I (244) MSPI Timing: Enter psram timing tuning
I (248) esp_psram: Found 16MB PSRAM device
I (252) esp_psram: Speed: 80MHz
I (255) cpu_start: Multicore app
I (821) esp_psram: SPI SRAM memory test OK
I (830) cpu_start: GPIO 44 and 43 are used as console UART I/O pins
I (830) cpu_start: Pro cpu start user code
I (830) cpu_start: cpu freq: 240000000 Hz
I (832) app_init: Application information:
I (836) app_init: Project name:     needle_demo
I (840) app_init: App version:      3dcd1de
I (844) app_init: Compile time:     Sep 27 2026 04:25:12
I (849) app_init: ELF file SHA256:  2fb5c5083...
I (853) app_init: ESP-IDF:          v5.5.2
I (857) efuse_init: Min chip rev:     v0.0
I (861) efuse_init: Max chip rev:     v0.99 
I (865) efuse_init: Chip rev:         v0.2
I (869) heap_init: Initializing. RAM available for dynamic allocation:
I (875) heap_init: At 3FCC1A50 len 00027CC0 (159 KiB): RAM
I (880) heap_init: At 3FCE9710 len 00005724 (21 KiB): RAM
I (885) heap_init: At 600FE000 len 00001FE8 (7 KiB): RTCRAM
I (891) esp_psram: Adding pool of 16384K of PSRAM memory to heap allocator
I (898) spi_flash: detected chip: mxic (opi)
I (901) spi_flash: flash io: opi_dtr
I (905) sleep_gpio: Configure to isolate all GPIO pins in sleep state
I (911) sleep_gpio: Enable automatic switching of GPIO sleep configuration
I (918) main_task: Started on CPU0
I (942) esp_psram: Reserving pool of 32K of internal memory for DMA/internal allocations
I (942) main_task: Calling app_main()
EVT mapped model=16155796 bytes at 0x3d040000
WARN drained 77 stale line(s) before the think toggle
EVT ready model=needle3 layers=8 d_model=768 vocab=8192 window=384 tools=3 psram_free=15642796 internal_free=38487
EVT priming tokens=143 (one-time; every later request reuses this)
EVT priming 8/143  6%  elapsed=6s  eta=103s
EVT priming 16/143  11%  elapsed=12s  eta=96s
EVT priming 24/143  17%  elapsed=18s  eta=90s
EVT priming 32/143  22%  elapsed=24s  eta=84s
EVT priming 40/143  28%  elapsed=30s  eta=78s
EVT priming 48/143  34%  elapsed=36s  eta=72s
EVT priming 56/143  39%  elapsed=42s  eta=66s
EVT priming 64/143  45%  elapsed=49s  eta=60s
EVT priming 72/143  50%  elapsed=55s  eta=54s
EVT priming 80/143  56%  elapsed=61s  eta=48s
EVT priming 88/143  62%  elapsed=67s  eta=42s
EVT priming 96/143  67%  elapsed=73s  eta=36s
EVT priming 104/143  73%  elapsed=80s  eta=30s
EVT priming 112/143  78%  elapsed=86s  eta=24s
EVT priming 120/143  84%  elapsed=92s  eta=18s
EVT priming 128/143  90%  elapsed=98s  eta=12s
EVT priming 136/143  95%  elapsed=105s  eta=5s
EVT priming 143/143  100%  elapsed=110s  eta=0s
EVT prefix tokens=143 ms=110264 sink=143 (cached for all requests)
EVT priming tokens=213 (one-time; every later request reuses this)
EVT priming 8/213  4%  elapsed=6s  eta=159s
EVT priming 16/213  8%  elapsed=12s  eta=151s
EVT priming 24/213  11%  elapsed=18s  eta=144s
EVT priming 32/213  15%  elapsed=24s  eta=137s
EVT priming 40/213  19%  elapsed=30s  eta=131s
EVT priming 48/213  23%  elapsed=36s  eta=125s
EVT priming 56/213  26%  elapsed=43s  eta=119s
EVT priming 64/213  30%  elapsed=49s  eta=113s
EVT priming 72/213  34%  elapsed=55s  eta=107s
EVT priming 80/213  38%  elapsed=61s  eta=101s
EVT priming 88/213  41%  elapsed=67s  eta=95s
EVT priming 96/213  45%  elapsed=73s  eta=90s
EVT priming 104/213  49%  elapsed=80s  eta=84s
EVT priming 112/213  53%  elapsed=86s  eta=77s
EVT priming 120/213  56%  elapsed=92s  eta=71s
EVT priming 128/213  60%  elapsed=99s  eta=65s
EVT priming 136/213  64%  elapsed=105s  eta=59s
EVT priming 144/213  68%  elapsed=111s  eta=53s
EVT priming 152/213  71%  elapsed=118s  eta=47s
EVT priming 160/213  75%  elapsed=124s  eta=41s
EVT priming 168/213  79%  elapsed=130s  eta=35s
EVT priming 176/213  83%  elapsed=137s  eta=29s
EVT priming 184/213  86%  elapsed=143s  eta=23s
EVT priming 192/213  90%  elapsed=150s  eta=16s
EVT priming 200/213  94%  elapsed=156s  eta=10s
EVT priming 208/213  98%  elapsed=163s  eta=4s
EVT priming 213/213  100%  elapsed=167s  eta=0s
EVT prefix tokens=213 ms=166666 sink=213 (cached for all requests)
EVT bench tokens=6 ms=4898 ms_per_tok=816 tps=1.225
EVT ==================================================
EVT  READY - type a request and press enter
EVT  e.g. "Sample telemetry every 5 seconds"
EVT  commands: !think (toggle reasoning), !status, !route <request>
EVT ==================================================
WARN drained 3 stale line(s) before the think toggle
EVT think=0
EVT think=0
STATE {"device":"esp32-s3","schema":"agent-watch-v2","layers":8,"model_bytes":16155796,"uptime_ms":282505,"free_internal_bytes":37595,"free_psram_bytes":13632660,"sample_period_s":30,"samples":1,"last_sample_uptime_ms":277562,"last_sample_free_internal_bytes":38195,"timer_status":"idle","timer_remaining_ms":0,"timer_fired_count":0}
ATTACH_DEVICE path=/dev/needle-pi/console real=/dev/needle-pi/console rdev=166.1
STATE {"device":"esp32-s3","schema":"agent-watch-v2","layers":8,"model_bytes":16155796,"uptime_ms":282544,"free_internal_bytes":37595,"free_psram_bytes":13632660,"sample_period_s":30,"samples":1,"last_sample_uptime_ms":277562,"last_sample_free_internal_bytes":38195,"timer_status":"idle","timer_remaining_ms":0,"timer_fired_count":0}
CASE baseline8 sampling5 exact=1 prefill_tps=1.26 decode_tps=1.23 tokens=18
CASE baseline8 timer60 exact=1 prefill_tps=1.26 decode_tps=1.23 tokens=14
CASE baseline8 status_heap exact=1 prefill_tps=1.26 decode_tps=1.22 tokens=10
CASE baseline8 batch exact=1 prefill_tps=1.26 decode_tps=1.23 tokens=29
CASE baseline8 heldout_timer45 exact=1 prefill_tps=1.26 decode_tps=1.23 tokens=14
EVT think=0
STATE {"device":"esp32-s3","schema":"agent-watch-v2","layers":8,"model_bytes":16155796,"uptime_ms":429534,"free_internal_bytes":37595,"free_psram_bytes":13632660,"sample_period_s":10,"samples":22,"last_sample_uptime_ms":422953,"last_sample_free_internal_bytes":37975,"timer_status":"running","timer_remaining_ms":42889,"timer_fired_count":1}
CASE baseline8 route_translate exact=1 prefill_tps=1.22 decode_tps=1.19 tokens=14
EVT think=0
STATE {"device":"esp32-s3","schema":"agent-watch-v2","layers":8,"model_bytes":16155796,"uptime_ms":458358,"free_internal_bytes":37595,"free_psram_bytes":13632660,"sample_period_s":10,"samples":25,"last_sample_uptime_ms":452953,"last_sample_free_internal_bytes":37975,"timer_status":"running","timer_remaining_ms":14065,"timer_fired_count":1}
CASE baseline8 heldout_sampling15 exact=1 prefill_tps=1.26 decode_tps=1.23 tokens=19
CASE baseline8 heldout_batch exact=1 prefill_tps=1.26 decode_tps=1.22 tokens=31
EVT priming 8/143  6%  elapsed=6s  eta=103s
EVT priming 16/143  11%  elapsed=12s  eta=96s
EVT priming 24/143  17%  elapsed=18s  eta=90s
EVT priming 32/143  22%  elapsed=24s  eta=84s
EVT priming 40/143  28%  elapsed=30s  eta=78s
EVT priming 48/143  34%  elapsed=36s  eta=72s
EVT priming 56/143  39%  elapsed=42s  eta=66s
EVT priming 64/143  45%  elapsed=49s  eta=60s
EVT priming 72/143  50%  elapsed=55s  eta=54s
EVT priming 80/143  56%  elapsed=61s  eta=48s
EVT priming 88/143  62%  elapsed=67s  eta=42s
EVT priming 96/143  67%  elapsed=73s  eta=36s
EVT priming 104/143  73%  elapsed=80s  eta=30s
EVT priming 112/143  78%  elapsed=86s  eta=24s
EVT priming 120/143  84%  elapsed=92s  eta=18s
EVT priming 128/143  90%  elapsed=98s  eta=12s
EVT priming 136/143  95%  elapsed=105s  eta=5s
EVT priming 143/143  100%  elapsed=110s  eta=0s
EVT prefix tokens=143 ms=110264 sink=143 (cached for all requests)
EVT priming tokens=213 (one-time; every later request reuses this)
EVT priming 8/213  4%  elapsed=6s  eta=159s
EVT priming 16/213  8%  elapsed=12s  eta=151s
EVT priming 24/213  11%  elapsed=18s  eta=144s
EVT priming 32/213  15%  elapsed=24s  eta=137s
EVT priming 40/213  19%  elapsed=30s  eta=131s
EVT priming 48/213  23%  elapsed=36s  eta=125s
EVT priming 56/213  26%  elapsed=43s  eta=119s
EVT priming 64/213  30%  elapsed=49s  eta=113s
EVT priming 72/213  34%  elapsed=55s  eta=107s
EVT priming 80/213  38%  elapsed=61s  eta=101s
EVT priming 88/213  41%  elapsed=67s  eta=95s
EVT priming 96/213  45%  elapsed=73s  eta=90s
EVT priming 104/213  49%  elapsed=80s  eta=84s
EVT priming 112/213  53%  elapsed=86s  eta=77s
EVT priming 120/213  56%  elapsed=92s  eta=71s
EVT priming 128/213  60%  elapsed=99s  eta=65s
EVT priming 136/213  64%  elapsed=105s  eta=59s
EVT priming 144/213  68%  elapsed=111s  eta=53s
EVT priming 152/213  71%  elapsed=118s  eta=47s
EVT priming 160/213  75%  elapsed=124s  eta=41s
EVT priming 168/213  79%  elapsed=130s  eta=35s
EVT priming 176/213  83%  elapsed=137s  eta=29s
EVT priming 184/213  86%  elapsed=143s  eta=23s
EVT priming 192/213  90%  elapsed=150s  eta=16s
EVT priming 200/213  94%  elapsed=156s  eta=10s
EVT priming 208/213  98%  elapsed=163s  eta=4s
EVT priming 213/213  100%  elapsed=167s  eta=0s
EVT prefix tokens=213 ms=166666 sink=213 (cached for all requests)
EVT bench tokens=6 ms=4898 ms_per_tok=816 tps=1.225
EVT ==================================================
EVT  READY - type a request and press enter
EVT  e.g. "Sample telemetry every 5 seconds"
EVT  commands: !think (toggle reasoning), !status, !route <request>
EVT ==================================================
WARN drained 3 stale line(s) before the think toggle
EVT think=0
EVT think=0
STATE {"device":"esp32-s3","schema":"agent-watch-v2","layers":8,"model_bytes":16155796,"uptime_ms":282504,"free_internal_bytes":37595,"free_psram_bytes":13632660,"sample_period_s":30,"samples":1,"last_sample_uptime_ms":277562,"last_sample_free_internal_bytes":38195,"timer_status":"idle","timer_remaining_ms":0,"timer_fired_count":0}
CASE baseline8 route_code exact=1 prefill_tps=1.22 decode_tps=1.19 tokens=11
CASE baseline8 heldout_route_timer exact=1 prefill_tps=1.22 decode_tps=1.19 tokens=10
CASE baseline8 heldout_route_research exact=1 prefill_tps=1.22 decode_tps=1.19 tokens=13
EVT think=0
STATE {"device":"esp32-s3","schema":"agent-watch-v2","layers":8,"model_bytes":16155796,"uptime_ms":368869,"free_internal_bytes":37595,"free_psram_bytes":13632660,"sample_period_s":30,"samples":4,"last_sample_uptime_ms":367562,"last_sample_free_internal_bytes":37975,"timer_status":"idle","timer_remaining_ms":0,"timer_fired_count":0}
CASE baseline8 heldout_free_describe exact=0 prefill_tps=1.26 decode_tps=1.22 tokens=10
COMPLETE baseline8 {'cases': 12, 'success': 12, 'scored_cases': 12, 'exact_calls': 11, 'decode_tps_mean': 1.2142, 'prefill_tps_mean': 1.2467, 'decode_timed_cases': 12, 'prefill_timed_cases': 12, 'decode_ms_mean': 13233.9167, 'prefill_ms_mean': 12319.8333, 'latency_ms_mean': 28864.875, 'decode_tokens_sum': 193, 'retried': 0}
FLASH /opt/esp/python_env/idf5.5_py3.12_env/bin/python -m esptool --chip esp32s3 --port /dev/needle-pi/flash --baud 921600 --before default_reset --after hard_reset write_flash --flash_mode dout --flash_size 32MB --flash_freq 80m 0x0 /workspace/esp32-needle-3/benchmarks/assets/bootloader-current.bin 0x8000 /workspace/esp32-needle-3/benchmarks/assets/partition-table.bin 0x10000 /workspace/esp32-needle-3/benchmarks/assets/needle-b1w3.bin 0x210000 /workspace/esp32-needle-3/.runtime/benchmarks/models/depth-08.cact
esptool.py v4.11.dev1
Serial port /dev/needle-pi/flash
Connecting....
Chip is ESP32-S3 (QFN56) (revision v0.2)
Features: WiFi, BLE, Embedded PSRAM 16MB (AP_1v8)
Crystal is 40MHz
USB mode: USB-Serial/JTAG
MAC: 90:e5:b1:d1:c0:f8
Uploading stub...
Running stub...
Stub running...
Changing baud rate to 921600
Changed.
Configuring flash size...
Flash will be erased from 0x00000000 to 0x00005fff...
Flash will be erased from 0x00008000 to 0x00008fff...
Flash will be erased from 0x00010000 to 0x0005cfff...
Flash will be erased from 0x00210000 to 0x01178fff...
SHA digest in image updated
Compressed 21520 bytes to 13703...
Writing at 0x00000000... (100 %)
Wrote 21520 bytes (13703 compressed) at 0x00000000 in 0.3 seconds (effective 572.8 kbit/s)...
Hash of data verified.
Compressed 3072 bytes to 120...
Writing at 0x00008000... (100 %)
Wrote 3072 bytes (120 compressed) at 0x00008000 in 0.0 seconds (effective 625.6 kbit/s)...
Hash of data verified.
Compressed 312848 bytes to 188971...
Writing at 0x00010000... (8 %)
Writing at 0x0001bcdc... (16 %)
Writing at 0x00023e77... (25 %)
Writing at 0x000299c9... (33 %)
Writing at 0x0002ee69... (41 %)
Writing at 0x00034031... (50 %)
Writing at 0x00039584... (58 %)
Writing at 0x0003fdf8... (66 %)
Writing at 0x00047eb1... (75 %)
Writing at 0x0004d5b9... (83 %)
Writing at 0x0005332d... (91 %)
Writing at 0x0005912d... (100 %)
Wrote 312848 bytes (188971 compressed) at 0x00010000 in 3.0 seconds (effective 847.8 kbit/s)...
Hash of data verified.
Compressed 16155796 bytes to 15257427...
Writing at 0x00210000... (0 %)
Writing at 0x0021a65e... (0 %)
Writing at 0x00223efe... (0 %)
Writing at 0x002284b0... (0 %)
Writing at 0x0022cf83... (0 %)
Writing at 0x00231748... (0 %)
Writing at 0x00235aa5... (0 %)
Writing at 0x00239e13... (0 %)
Writing at 0x0023e185... (0 %)
Writing at 0x002424f3... (1 %)
Writing at 0x002467f8... (1 %)
Writing at 0x0024ab60... (1 %)
Writing at 0x0024eecf... (1 %)
Writing at 0x00253236... (1 %)
Writing at 0x0025759f... (1 %)
Writing at 0x0025b907... (1 %)
Writing at 0x0025fc76... (1 %)
Writing at 0x00263fd7... (1 %)
Writing at 0x0026833a... (2 %)
Writing at 0x0026c697... (2 %)
Writing at 0x00270a03... (2 %)
Writing at 0x00274d5a... (2 %)
Writing at 0x002790c0... (2 %)
Writing at 0x0027d42f... (2 %)
Writing at 0x0028178f... (2 %)
Writing at 0x00285af4... (2 %)
Writing at 0x00289e53... (2 %)
Writing at 0x0028e1b4... (3 %)
Writing at 0x0029251b... (3 %)
Writing at 0x00296848... (3 %)
Writing at 0x0029ab8d... (3 %)
Writing at 0x0029eef2... (3 %)
Writing at 0x002a325e... (3 %)
Writing at 0x002a75c9... (3 %)
Writing at 0x002ab92e... (3 %)
Writing at 0x002afca0... (3 %)
Writing at 0x002b3ff6... (3 %)
Writing at 0x002b835a... (4 %)
Writing at 0x002bc6c1... (4 %)
Writing at 0x002c0a36... (4 %)
Writing at 0x002c4d9d... (4 %)
Writing at 0x002c9104... (4 %)
Writing at 0x002cd460... (4 %)
Writing at 0x002d17c3... (4 %)
Writing at 0x002d5b2d... (4 %)
Writing at 0x002d9e8e... (4 %)
Writing at 0x002de1f7... (5 %)
Writing at 0x002e2550... (5 %)
Writing at 0x002e68b9... (5 %)
Writing at 0x002eabbb... (5 %)
Writing at 0x002eef1e... (5 %)
Writing at 0x002f3283... (5 %)
Writing at 0x002f75eb... (5 %)
Writing at 0x002fb95c... (5 %)
Writing at 0x002ffcbc... (5 %)
Writing at 0x0030402d... (6 %)
Writing at 0x00308394... (6 %)
Writing at 0x0030c707... (6 %)
Writing at 0x00310a75... (6 %)
Writing at 0x00314dda... (6 %)
Writing at 0x00319147... (6 %)
Writing at 0x0031d4a3... (6 %)
Writing at 0x00321814... (6 %)
Writing at 0x00325b7d... (6 %)
Writing at 0x00329ee5... (6 %)
Writing at 0x0032e242... (7 %)
Writing at 0x003325ae... (7 %)
Writing at 0x0033691f... (7 %)
Writing at 0x0033ac87... (7 %)
Writing at 0x0033ef7c... (7 %)
Writing at 0x003432e7... (7 %)
Writing at 0x00347647... (7 %)
Writing at 0x0034b9ab... (7 %)
Writing at 0x0034fd0d... (7 %)
Writing at 0x0035406f... (8 %)
Writing at 0x003583d2... (8 %)
Writing at 0x0035c73c... (8 %)
Writing at 0x00360a9f... (8 %)
Writing at 0x00364e09... (8 %)
Writing at 0x00369176... (8 %)
Writing at 0x0036d4e6... (8 %)
Writing at 0x00371854... (8 %)
Writing at 0x00375bb9... (8 %)
Writing at 0x00379f24... (9 %)
Writing at 0x0037e290... (9 %)
Writing at 0x003825ef... (9 %)
Writing at 0x0038694e... (9 %)
Writing at 0x0038acb6... (9 %)
Writing at 0x0038f01b... (9 %)
Writing at 0x0039331d... (9 %)
Writing at 0x0039767a... (9 %)
Writing at 0x0039b9db... (9 %)
Writing at 0x0039fd46... (9 %)
Writing at 0x003a40a7... (10 %)
Writing at 0x003a8418... (10 %)
Writing at 0x003ac786... (10 %)
Writing at 0x003b0af1... (10 %)
Writing at 0x003b4e5d... (10 %)
Writing at 0x003b91bb... (10 %)
Writing at 0x003bd528... (10 %)
Writing at 0x003c1883... (10 %)
Writing at 0x003c5bf3... (10 %)
Writing at 0x003c9f52... (11 %)
Writing at 0x003ce2b5... (11 %)
Writing at 0x003d2615... (11 %)
Writing at 0x003d6989... (11 %)
Writing at 0x003dace8... (11 %)
Writing at 0x003df04f... (11 %)
Writing at 0x003e3356... (11 %)
Writing at 0x003e76bc... (11 %)
Writing at 0x003eba24... (11 %)
Writing at 0x003efd85... (12 %)
Writing at 0x003f40e8... (12 %)
Writing at 0x003f844f... (12 %)
Writing at 0x003fc7bb... (12 %)
Writing at 0x00400b29... (12 %)
Writing at 0x00404e95... (12 %)
Writing at 0x004091fe... (12 %)
Writing at 0x0040d55d... (12 %)
Writing at 0x004118bb... (12 %)
Writing at 0x00415c11... (12 %)
Writing at 0x00419f71... (13 %)
Writing at 0x0041e2e3... (13 %)
Writing at 0x0042263b... (13 %)
Writing at 0x004269a6... (13 %)
Writing at 0x0042ad09... (13 %)
Writing at 0x0042f06c... (13 %)
Writing at 0x004333d3... (13 %)
Writing at 0x004376c7... (13 %)
Writing at 0x0043ba31... (13 %)
Writing at 0x0043fd9a... (14 %)
Writing at 0x00444100... (14 %)
Writing at 0x0044846e... (14 %)
Writing at 0x0044c7d0... (14 %)
Writing at 0x00450b44... (14 %)
Writing at 0x00454eb0... (14 %)
Writing at 0x00459216... (14 %)
Writing at 0x0045d584... (14 %)
Writing at 0x004618e2... (14 %)
Writing at 0x00465c4a... (15 %)
Writing at 0x00469fb5... (15 %)
Writing at 0x0046e325... (15 %)
Writing at 0x0047268c... (15 %)
Writing at 0x004769e8... (15 %)
Writing at 0x0047ad60... (15 %)
Writing at 0x0047f0c5... (15 %)
Writing at 0x00483426... (15 %)
Writing at 0x00487793... (15 %)
Writing at 0x0048ba9b... (15 %)
Writing at 0x0048fe05... (16 %)
Writing at 0x00494169... (16 %)
Writing at 0x004984cf... (16 %)
Writing at 0x0049c82f... (16 %)
Writing at 0x004a0b99... (16 %)
Writing at 0x004a4f04... (16 %)
Writing at 0x004a9269... (16 %)
Writing at 0x004ad5d2... (16 %)
Writing at 0x004b1949... (16 %)
Writing at 0x004b5cab... (17 %)
Writing at 0x004ba00f... (17 %)
Writing at 0x004be379... (17 %)
Writing at 0x004c26d8... (17 %)
Writing at 0x004c6a43... (17 %)
Writing at 0x004cadb9... (17 %)
Writing at 0x004cf123... (17 %)
Writing at 0x004d348b... (17 %)
Writing at 0x004d77ef... (17 %)
Writing at 0x004dbb5a... (18 %)
Writing at 0x004dfe67... (18 %)
Writing at 0x004e41cd... (18 %)
Writing at 0x004e8539... (18 %)
Writing at 0x004ec89f... (18 %)
Writing at 0x004f0c08... (18 %)
Writing at 0x004f4f6f... (18 %)
Writing at 0x004f92da... (18 %)
Writing at 0x004fd641... (18 %)
Writing at 0x005019ab... (18 %)
Writing at 0x00505d1a... (19 %)
Writing at 0x0050a07a... (19 %)
Writing at 0x0050e3e0... (19 %)
Writing at 0x00512640... (19 %)
Writing at 0x00517af4... (19 %)
Writing at 0x0051d452... (19 %)
Writing at 0x00522e7b... (19 %)
Writing at 0x00528870... (19 %)
Writing at 0x0052d441... (19 %)
Writing at 0x00531678... (20 %)
Writing at 0x005358be... (20 %)
Writing at 0x00539ad7... (20 %)
Writing at 0x0053dd0c... (20 %)
Writing at 0x00541f48... (20 %)
Writing at 0x00546081... (20 %)
Writing at 0x0054a5df... (20 %)
Writing at 0x0054e7f4... (20 %)
Writing at 0x005529bc... (20 %)
Writing at 0x00556b2c... (21 %)
Writing at 0x0055ad4f... (21 %)
Writing at 0x0055ef86... (21 %)
Writing at 0x005631cd... (21 %)
Writing at 0x005673f2... (21 %)
Writing at 0x0056b628... (21 %)
Writing at 0x0056f858... (21 %)
Writing at 0x00573a8e... (21 %)
Writing at 0x00577cc2... (21 %)
Writing at 0x0057c400... (21 %)
Writing at 0x00580615... (22 %)
Writing at 0x00584857... (22 %)
Writing at 0x00588a38... (22 %)
Writing at 0x0058cc83... (22 %)
Writing at 0x00590ead... (22 %)
Writing at 0x005950e0... (22 %)
Writing at 0x00599323... (22 %)
Writing at 0x0059d4ce... (22 %)
Writing at 0x005a2047... (22 %)
Writing at 0x005a6b56... (23 %)
Writing at 0x005ab001... (23 %)
Writing at 0x005af49a... (23 %)
Writing at 0x005b36bf... (23 %)
Writing at 0x005b78fd... (23 %)
Writing at 0x005bbb22... (23 %)
Writing at 0x005bfd58... (23 %)
Writing at 0x005c3f96... (23 %)
Writing at 0x005c8144... (23 %)
Writing at 0x005cc5e2... (24 %)
Writing at 0x005d07ea... (24 %)
Writing at 0x005d49dd... (24 %)
Writing at 0x005d8b8a... (24 %)
Writing at 0x005dcd89... (24 %)
Writing at 0x005e0fb9... (24 %)
Writing at 0x005e51eb... (24 %)
Writing at 0x005e9413... (24 %)
Writing at 0x005ed66b... (24 %)
Writing at 0x005f18a3... (25 %)
Writing at 0x005f5ad1... (25 %)
Writing at 0x005f9d17... (25 %)
Writing at 0x005fe57f... (25 %)
Writing at 0x006026e8... (25 %)
Writing at 0x0060692f... (25 %)
Writing at 0x0060ab55... (25 %)
Writing at 0x0060ed91... (25 %)
Writing at 0x00612fca... (25 %)
Writing at 0x006171fd... (25 %)
Writing at 0x0061b43b... (26 %)
Writing at 0x0061f677... (26 %)
Writing at 0x00623ea3... (26 %)
Writing at 0x00628a25... (26 %)
Writing at 0x0062d043... (26 %)
Writing at 0x006314f1... (26 %)
Writing at 0x00635755... (26 %)
Writing at 0x00639988... (26 %)
Writing at 0x0063dbc3... (26 %)
Writing at 0x00641e06... (27 %)
Writing at 0x00646063... (27 %)
Writing at 0x0064a288... (27 %)
Writing at 0x0064e758... (27 %)
Writing at 0x00652907... (27 %)
Writing at 0x00656b05... (27 %)
Writing at 0x0065acd1... (27 %)
Writing at 0x0065ee98... (27 %)
Writing at 0x006630d6... (27 %)
Writing at 0x0066730f... (28 %)
Writing at 0x0066b52e... (28 %)
Writing at 0x0066f773... (28 %)
Writing at 0x006739c1... (28 %)
Writing at 0x00677c00... (28 %)
Writing at 0x0067be4c... (28 %)
Writing at 0x0068067f... (28 %)
Writing at 0x00684930... (28 %)
Writing at 0x00688b6c... (28 %)
Writing at 0x0068cd9f... (28 %)
Writing at 0x00690fef... (29 %)
Writing at 0x00695244... (29 %)
Writing at 0x0069946c... (29 %)
Writing at 0x0069d69c... (29 %)
Writing at 0x006a18d2... (29 %)
Writing at 0x006a5caf... (29 %)
Writing at 0x006aab05... (29 %)
Writing at 0x006af317... (29 %)
Writing at 0x006b3780... (29 %)
Writing at 0x006b7afa... (30 %)
Writing at 0x006bbd24... (30 %)
Writing at 0x006bff57... (30 %)
Writing at 0x006c4197... (30 %)
Writing at 0x006c83b3... (30 %)
Writing at 0x006cc5ef... (30 %)
Writing at 0x006d08f7... (30 %)
Writing at 0x006d4c30... (30 %)
Writing at 0x006d8e59... (30 %)
Writing at 0x006dd026... (31 %)
Writing at 0x006e1139... (31 %)
Writing at 0x006e5378... (31 %)
Writing at 0x006e95a5... (31 %)
Writing at 0x006ed7d4... (31 %)
Writing at 0x006f19fb... (31 %)
Writing at 0x006f5c42... (31 %)
Writing at 0x006f9e86... (31 %)
Writing at 0x006fe0a0... (31 %)
Writing at 0x0070239c... (31 %)
Writing at 0x00706a56... (32 %)
Writing at 0x0070ac94... (32 %)
Writing at 0x0070eecb... (32 %)
Writing at 0x00713111... (32 %)
Writing at 0x00717358... (32 %)
Writing at 0x0071b5b3... (32 %)
Writing at 0x0071f7ed... (32 %)
Writing at 0x00723a3f... (32 %)
Writing at 0x00727b62... (32 %)
Writing at 0x0072ca20... (33 %)
Writing at 0x00731457... (33 %)
Writing at 0x007358d4... (33 %)
Writing at 0x00739d09... (33 %)
Writing at 0x0073df3a... (33 %)
Writing at 0x00742187... (33 %)
Writing at 0x007463b0... (33 %)
Writing at 0x0074a5de... (33 %)
Writing at 0x0074e820... (33 %)
Writing at 0x007529bf... (34 %)
Writing at 0x00756ec0... (34 %)
Writing at 0x0075b0c5... (34 %)
Writing at 0x0075f270... (34 %)
Writing at 0x00763453... (34 %)
Writing at 0x00767666... (34 %)
Writing at 0x0076b8b0... (34 %)
Writing at 0x0076fae3... (34 %)
Writing at 0x00773d28... (34 %)
Writing at 0x00777f87... (34 %)
Writing at 0x0077c1d3... (35 %)
Writing at 0x00780413... (35 %)
Writing at 0x007845eb... (35 %)
Writing at 0x00788db8... (35 %)
Writing at 0x0078cfe5... (35 %)
Writing at 0x007911c2... (35 %)
Writing at 0x00795407... (35 %)
Writing at 0x0079963f... (35 %)
Writing at 0x0079d881... (35 %)
Writing at 0x007a1ab7... (36 %)
Writing at 0x007a5ce9... (36 %)
Writing at 0x007a9eaa... (36 %)
Writing at 0x007ae9bb... (36 %)
Writing at 0x007b3688... (36 %)
Writing at 0x007b7b8a... (36 %)
Writing at 0x007bc15f... (36 %)
Writing at 0x007c0355... (36 %)
Writing at 0x007c4598... (36 %)
Writing at 0x007c87e4... (37 %)
Writing at 0x007cca1f... (37 %)
Writing at 0x007d0c61... (37 %)
Writing at 0x007d4e48... (37 %)
Writing at 0x007d92e2... (37 %)
Writing at 0x007dd4c7... (37 %)
Writing at 0x007e169e... (37 %)
Writing at 0x007e5844... (37 %)
Writing at 0x007e9a49... (37 %)
Writing at 0x007edc79... (37 %)
Writing at 0x007f1eb4... (38 %)
Writing at 0x007f60d8... (38 %)
Writing at 0x007fa31f... (38 %)
Writing at 0x007fe56e... (38 %)
Writing at 0x008027b6... (38 %)
Writing at 0x00806a08... (38 %)
Writing at 0x0080b1f0... (38 %)
Writing at 0x0080f3b0... (38 %)
Writing at 0x008135fd... (38 %)
Writing at 0x00817824... (39 %)
Writing at 0x0081ba64... (39 %)
Writing at 0x0081fca9... (39 %)
Writing at 0x00823eeb... (39 %)
Writing at 0x0082813e... (39 %)
Writing at 0x0082c390... (39 %)
Writing at 0x00830a76... (39 %)
Writing at 0x008356d8... (39 %)
Writing at 0x00839d09... (39 %)
Writing at 0x0083e1b5... (40 %)
Writing at 0x00842461... (40 %)
Writing at 0x00846697... (40 %)
Writing at 0x0084a8e1... (40 %)
Writing at 0x0084eb0d... (40 %)
Writing at 0x00852d52... (40 %)
Writing at 0x00856f5e... (40 %)
Writing at 0x0085b4f6... (40 %)
Writing at 0x0085f63b... (40 %)
Writing at 0x00863857... (40 %)
Writing at 0x00867a8e... (41 %)
Writing at 0x0086bc40... (41 %)
Writing at 0x0086fe84... (41 %)
Writing at 0x008740c1... (41 %)
Writing at 0x0087831d... (41 %)
Writing at 0x0087c569... (41 %)
Writing at 0x008807af... (41 %)
Writing at 0x008849fc... (41 %)
Writing at 0x00888c2c... (41 %)
Writing at 0x0088d2af... (42 %)
Writing at 0x008915f8... (42 %)
Writing at 0x00895855... (42 %)
Writing at 0x00899ac5... (42 %)
Writing at 0x0089dd10... (42 %)
Writing at 0x008a1f5e... (42 %)
Writing at 0x008a61be... (42 %)
Writing at 0x008aa432... (42 %)
Writing at 0x008ae68b... (42 %)
Writing at 0x008b2966... (43 %)
Writing at 0x008b7651... (43 %)
Writing at 0x008bbe22... (43 %)
Writing at 0x008c037a... (43 %)
Writing at 0x008c45df... (43 %)
Writing at 0x008c87fa... (43 %)
Writing at 0x008cca02... (43 %)
Writing at 0x008d0c12... (43 %)
Writing at 0x008d4e4a... (43 %)
Writing at 0x008d9080... (43 %)
Writing at 0x008dd3dd... (44 %)
Writing at 0x008e1702... (44 %)
Writing at 0x008e590e... (44 %)
Writing at 0x008e9bba... (44 %)
Writing at 0x008edd04... (44 %)
Writing at 0x008f1f41... (44 %)
Writing at 0x008f6193... (44 %)
Writing at 0x008fa3d9... (44 %)
Writing at 0x008fe62b... (44 %)
Writing at 0x0090288a... (45 %)
Writing at 0x00906ac3... (45 %)
Writing at 0x0090ad28... (45 %)
Writing at 0x0090ef40... (45 %)
Writing at 0x0091368b... (45 %)
Writing at 0x009178e0... (45 %)
Writing at 0x0091bb36... (45 %)
Writing at 0x0091fd84... (45 %)
Writing at 0x00923fda... (45 %)
Writing at 0x00928220... (46 %)
Writing at 0x0092c470... (46 %)
Writing at 0x009306b2... (46 %)
Writing at 0x00934844... (46 %)
Writing at 0x009395e8... (46 %)
Writing at 0x0093dfc0... (46 %)
Writing at 0x00942494... (46 %)
Writing at 0x009474f3... (46 %)
Writing at 0x0094b81c... (46 %)
Writing at 0x0094fb76... (46 %)
Writing at 0x00954e79... (47 %)
Writing at 0x009591d3... (47 %)
Writing at 0x0095d549... (47 %)
Writing at 0x00965662... (47 %)
Writing at 0x009699c5... (47 %)
Writing at 0x0096dcc7... (47 %)
Writing at 0x00972033... (47 %)
Writing at 0x00976396... (47 %)
Writing at 0x0097a6fb... (47 %)
Writing at 0x0097ea60... (48 %)
Writing at 0x00982dc5... (48 %)
Writing at 0x00987130... (48 %)
Writing at 0x0098b46e... (48 %)
Writing at 0x0098ff0a... (48 %)
Writing at 0x009945f8... (48 %)
Writing at 0x00998821... (48 %)
Writing at 0x0099ca64... (48 %)
Writing at 0x009a0c9c... (48 %)
Writing at 0x009a4eba... (49 %)
Writing at 0x009a90da... (49 %)
Writing at 0x009ad311... (49 %)
Writing at 0x009b154c... (49 %)
Writing at 0x009b5771... (49 %)
Writing at 0x009b999f... (49 %)
Writing at 0x009bdbd1... (49 %)
Writing at 0x009c1deb... (49 %)
Writing at 0x009c601f... (49 %)
Writing at 0x009ca25a... (50 %)
Writing at 0x009ce48e... (50 %)
Writing at 0x009d26bd... (50 %)
Writing at 0x009d68ec... (50 %)
Writing at 0x009dab3a... (50 %)
Writing at 0x009ded6e... (50 %)
Writing at 0x009e2fad... (50 %)
Writing at 0x009e71d4... (50 %)
Writing at 0x009eb411... (50 %)
Writing at 0x009ef649... (50 %)
Writing at 0x009f3810... (51 %)
Writing at 0x009f7a23... (51 %)
Writing at 0x009fbc61... (51 %)
Writing at 0x009ffeb1... (51 %)
Writing at 0x00a040f8... (51 %)
Writing at 0x00a0832c... (51 %)
Writing at 0x00a0c561... (51 %)
Writing at 0x00a1079c... (51 %)
Writing at 0x00a149c7... (51 %)
Writing at 0x00a18bfb... (52 %)
Writing at 0x00a1ce28... (52 %)
Writing at 0x00a21061... (52 %)
Writing at 0x00a25282... (52 %)
Writing at 0x00a294a8... (52 %)
Writing at 0x00a2d6be... (52 %)
Writing at 0x00a318fd... (52 %)
Writing at 0x00a35b25... (52 %)
Writing at 0x00a39d4f... (52 %)
Writing at 0x00a3df7a... (53 %)
Writing at 0x00a421b2... (53 %)
Writing at 0x00a463dd... (53 %)
Writing at 0x00a4a60a... (53 %)
Writing at 0x00a4e835... (53 %)
Writing at 0x00a52a67... (53 %)
Writing at 0x00a56c90... (53 %)
Writing at 0x00a5aeba... (53 %)
Writing at 0x00a5f0da... (53 %)
Writing at 0x00a6332c... (53 %)
Writing at 0x00a67568... (54 %)
Writing at 0x00a6b787... (54 %)
Writing at 0x00a6f9ae... (54 %)
Writing at 0x00a73b78... (54 %)
Writing at 0x00a77dbb... (54 %)
Writing at 0x00a7bfe1... (54 %)
Writing at 0x00a8020a... (54 %)
Writing at 0x00a84432... (54 %)
Writing at 0x00a8866c... (54 %)
Writing at 0x00a8c88a... (55 %)
Writing at 0x00a90ace... (55 %)
Writing at 0x00a94cf8... (55 %)
Writing at 0x00a98f2e... (55 %)
Writing at 0x00a9d160... (55 %)
Writing at 0x00aa13ae... (55 %)
Writing at 0x00aa55e2... (55 %)
Writing at 0x00aa9825... (55 %)
Writing at 0x00aada49... (55 %)
Writing at 0x00ab1c89... (56 %)
Writing at 0x00ab5ed1... (56 %)
Writing at 0x00aba115... (56 %)
Writing at 0x00abe35e... (56 %)
Writing at 0x00ac2573... (56 %)
Writing at 0x00ac67a1... (56 %)
Writing at 0x00aca9ce... (56 %)
Writing at 0x00acec01... (56 %)
Writing at 0x00ad2e3c... (56 %)
Writing at 0x00ad706d... (56 %)
Writing at 0x00adb2a7... (57 %)
Writing at 0x00adf4e9... (57 %)
Writing at 0x00ae3715... (57 %)
Writing at 0x00ae7941... (57 %)
Writing at 0x00aebb62... (57 %)
Writing at 0x00aefd8b... (57 %)
Writing at 0x00af3f60... (57 %)
Writing at 0x00af819b... (57 %)
Writing at 0x00afc3d8... (57 %)
Writing at 0x00b00619... (58 %)
Writing at 0x00b04868... (58 %)
Writing at 0x00b08a81... (58 %)
Writing at 0x00b0ccb4... (58 %)
Writing at 0x00b10ecf... (58 %)
Writing at 0x00b15114... (58 %)
Writing at 0x00b19349... (58 %)
Writing at 0x00b1d565... (58 %)
Writing at 0x00b21790... (58 %)
Writing at 0x00b259cc... (59 %)
Writing at 0x00b29c04... (59 %)
Writing at 0x00b2de3d... (59 %)
Writing at 0x00b3206c... (59 %)
Writing at 0x00b362ad... (59 %)
Writing at 0x00b3a4d5... (59 %)
Writing at 0x00b3e6fd... (59 %)
Writing at 0x00b42941... (59 %)
Writing at 0x00b46b6b... (59 %)
Writing at 0x00b4ada0... (59 %)
Writing at 0x00b4efe3... (60 %)
Writing at 0x00b53202... (60 %)
Writing at 0x00b57449... (60 %)
Writing at 0x00b5b686... (60 %)
Writing at 0x00b5f8c4... (60 %)
Writing at 0x00b63af0... (60 %)
Writing at 0x00b67d2b... (60 %)
Writing at 0x00b6bf6a... (60 %)
Writing at 0x00b701b9... (60 %)
Writing at 0x00b7439f... (61 %)
Writing at 0x00b785e4... (61 %)
Writing at 0x00b7c822... (61 %)
Writing at 0x00b80a52... (61 %)
Writing at 0x00b84c8e... (61 %)
Writing at 0x00b88ed0... (61 %)
Writing at 0x00b8d11a... (61 %)
Writing at 0x00b9134f... (61 %)
Writing at 0x00b95594... (61 %)
Writing at 0x00b997bc... (62 %)
Writing at 0x00b9d9da... (62 %)
Writing at 0x00ba1c06... (62 %)
Writing at 0x00ba5e42... (62 %)
Writing at 0x00baa07e... (62 %)
Writing at 0x00bae2cf... (62 %)
Writing at 0x00bb24fa... (62 %)
Writing at 0x00bb6737... (62 %)
Writing at 0x00bba98c... (62 %)
Writing at 0x00bbebd6... (62 %)
Writing at 0x00bc2e10... (63 %)
Writing at 0x00bc7040... (63 %)
Writing at 0x00bcb28a... (63 %)
Writing at 0x00bcf4d0... (63 %)
Writing at 0x00bd3706... (63 %)
Writing at 0x00bd793f... (63 %)
Writing at 0x00bdbb70... (63 %)
Writing at 0x00bdfdaf... (63 %)
Writing at 0x00be3ff6... (63 %)
Writing at 0x00be8237... (64 %)
Writing at 0x00bec46b... (64 %)
Writing at 0x00bf062f... (64 %)
Writing at 0x00bf485f... (64 %)
Writing at 0x00bf8a9e... (64 %)
Writing at 0x00bfccf2... (64 %)
Writing at 0x00c00f28... (64 %)
Writing at 0x00c0515e... (64 %)
Writing at 0x00c093a1... (64 %)
Writing at 0x00c0d5db... (65 %)
Writing at 0x00c117fe... (65 %)
Writing at 0x00c15a4c... (65 %)
Writing at 0x00c19c72... (65 %)
Writing at 0x00c1de93... (65 %)
Writing at 0x00c220bc... (65 %)
Writing at 0x00c262fb... (65 %)
Writing at 0x00c2a532... (65 %)
Writing at 0x00c2e75b... (65 %)
Writing at 0x00c329a8... (65 %)
Writing at 0x00c36be0... (66 %)
Writing at 0x00c3ae18... (66 %)
Writing at 0x00c3f03e... (66 %)
Writing at 0x00c43270... (66 %)
Writing at 0x00c474ae... (66 %)
Writing at 0x00c4b6de... (66 %)
Writing at 0x00c4f918... (66 %)
Writing at 0x00c53b5a... (66 %)
Writing at 0x00c57d8c... (66 %)
Writing at 0x00c5bfca... (67 %)
Writing at 0x00c60204... (67 %)
Writing at 0x00c6442e... (67 %)
Writing at 0x00c6866f... (67 %)
Writing at 0x00c6c8a9... (67 %)
Writing at 0x00c70a88... (67 %)
Writing at 0x00c74ccb... (67 %)
Writing at 0x00c78f02... (67 %)
Writing at 0x00c7d131... (67 %)
Writing at 0x00c8136d... (68 %)
Writing at 0x00c855ae... (68 %)
Writing at 0x00c897ec... (68 %)
Writing at 0x00c8da18... (68 %)
Writing at 0x00c91c59... (68 %)
Writing at 0x00c95e7c... (68 %)
Writing at 0x00c9a0ad... (68 %)
Writing at 0x00c9e2e7... (68 %)
Writing at 0x00ca2518... (68 %)
Writing at 0x00ca6768... (68 %)
Writing at 0x00caa99e... (69 %)
Writing at 0x00caebd3... (69 %)
Writing at 0x00cb2df9... (69 %)
Writing at 0x00cb7025... (69 %)
Writing at 0x00cbb266... (69 %)
Writing at 0x00cbf497... (69 %)
Writing at 0x00cc36c1... (69 %)
Writing at 0x00cc78fc... (69 %)
Writing at 0x00ccbb27... (69 %)
Writing at 0x00ccfd50... (70 %)
Writing at 0x00cd3f89... (70 %)
Writing at 0x00cd81aa... (70 %)
Writing at 0x00cdc3e7... (70 %)
Writing at 0x00ce0634... (70 %)
Writing at 0x00ce4876... (70 %)
Writing at 0x00ce8ab7... (70 %)
Writing at 0x00cecca3... (70 %)
Writing at 0x00cf0efa... (70 %)
Writing at 0x00cf5fd1... (71 %)
Writing at 0x00cfb0ae... (71 %)
Writing at 0x00d001af... (71 %)
Writing at 0x00d052c1... (71 %)
Writing at 0x00d0a38b... (71 %)
Writing at 0x00d0f762... (71 %)
Writing at 0x00d14d71... (71 %)
Writing at 0x00d1a399... (71 %)
Writing at 0x00d1f9b0... (71 %)
Writing at 0x00d24f17... (71 %)
Writing at 0x00d295f2... (72 %)
Writing at 0x00d2d82b... (72 %)
Writing at 0x00d31a5b... (72 %)
Writing at 0x00d35ca3... (72 %)
Writing at 0x00d39ee9... (72 %)
Writing at 0x00d3e10f... (72 %)
Writing at 0x00d42338... (72 %)
Writing at 0x00d46567... (72 %)
Writing at 0x00d4a705... (72 %)
Writing at 0x00d4eef5... (73 %)
Writing at 0x00d5313e... (73 %)
Writing at 0x00d5736c... (73 %)
Writing at 0x00d5b59a... (73 %)
Writing at 0x00d5f7de... (73 %)
Writing at 0x00d63a20... (73 %)
Writing at 0x00d67c51... (73 %)
Writing at 0x00d6be97... (73 %)
Writing at 0x00d7002c... (73 %)
Writing at 0x00d747ab... (74 %)
Writing at 0x00d788ce... (74 %)
Writing at 0x00d7caff... (74 %)
Writing at 0x00d80d3a... (74 %)
Writing at 0x00d84f68... (74 %)
Writing at 0x00d891b0... (74 %)
Writing at 0x00d8d3ea... (74 %)
Writing at 0x00d91622... (74 %)
Writing at 0x00d95844... (74 %)
Writing at 0x00d99a70... (75 %)
Writing at 0x00d9dcae... (75 %)
Writing at 0x00da1ee2... (75 %)
Writing at 0x00da611c... (75 %)
Writing at 0x00daa357... (75 %)
Writing at 0x00dae5a2... (75 %)
Writing at 0x00db27c5... (75 %)
Writing at 0x00db69f5... (75 %)
Writing at 0x00dbabc0... (75 %)
Writing at 0x00dbede7... (75 %)
Writing at 0x00dc2fff... (76 %)
Writing at 0x00dc7226... (76 %)
Writing at 0x00dcb46f... (76 %)
Writing at 0x00dcf68e... (76 %)
Writing at 0x00dd38b5... (76 %)
Writing at 0x00dd7ac7... (76 %)
Writing at 0x00ddbcf8... (76 %)
Writing at 0x00ddff0c... (76 %)
Writing at 0x00de412a... (76 %)
Writing at 0x00de8364... (77 %)
Writing at 0x00dec57c... (77 %)
Writing at 0x00df07af... (77 %)
Writing at 0x00df49e9... (77 %)
Writing at 0x00df8c15... (77 %)
Writing at 0x00dfce58... (77 %)
Writing at 0x00e01084... (77 %)
Writing at 0x00e052bd... (77 %)
Writing at 0x00e094e7... (77 %)
Writing at 0x00e0d711... (78 %)
Writing at 0x00e11951... (78 %)
Writing at 0x00e15b7e... (78 %)
Writing at 0x00e19da6... (78 %)
Writing at 0x00e1dfe5... (78 %)
Writing at 0x00e22218... (78 %)
Writing at 0x00e26440... (78 %)
Writing at 0x00e2a680... (78 %)
Writing at 0x00e2e8a1... (78 %)
Writing at 0x00e32ad6... (78 %)
Writing at 0x00e36d04... (79 %)
Writing at 0x00e3af11... (79 %)
Writing at 0x00e3f107... (79 %)
Writing at 0x00e43341... (79 %)
Writing at 0x00e4755b... (79 %)
Writing at 0x00e4b779... (79 %)
Writing at 0x00e4f9b5... (79 %)
Writing at 0x00e53bdc... (79 %)
Writing at 0x00e57e1c... (79 %)
Writing at 0x00e5c047... (80 %)
Writing at 0x00e6028f... (80 %)
Writing at 0x00e644d3... (80 %)
Writing at 0x00e6871f... (80 %)
Writing at 0x00e6c94a... (80 %)
Writing at 0x00e70b83... (80 %)
Writing at 0x00e74da5... (80 %)
Writing at 0x00e78fe0... (80 %)
Writing at 0x00e7d219... (80 %)
Writing at 0x00e81449... (81 %)
Writing at 0x00e85681... (81 %)
Writing at 0x00e898c1... (81 %)
Writing at 0x00e8db08... (81 %)
Writing at 0x00e91d3c... (81 %)
Writing at 0x00e95f86... (81 %)
Writing at 0x00e9a1bd... (81 %)
Writing at 0x00e9e3f0... (81 %)
Writing at 0x00ea262f... (81 %)
Writing at 0x00ea6878... (81 %)
Writing at 0x00eaaab1... (82 %)
Writing at 0x00eaecf6... (82 %)
Writing at 0x00eb2f3b... (82 %)
Writing at 0x00eb7170... (82 %)
Writing at 0x00ebb357... (82 %)
Writing at 0x00ebf5a9... (82 %)
Writing at 0x00ec37de... (82 %)
Writing at 0x00ec7a16... (82 %)
Writing at 0x00ecbc64... (82 %)
Writing at 0x00ecfeaa... (83 %)
Writing at 0x00ed40f4... (83 %)
Writing at 0x00ed832b... (83 %)
Writing at 0x00edc56d... (83 %)
Writing at 0x00ee07a5... (83 %)
Writing at 0x00ee49f4... (83 %)
Writing at 0x00ee8c3c... (83 %)
Writing at 0x00eece6c... (83 %)
Writing at 0x00ef1094... (83 %)
Writing at 0x00ef52dc... (84 %)
Writing at 0x00ef94f6... (84 %)
Writing at 0x00efd71f... (84 %)
Writing at 0x00f01962... (84 %)
Writing at 0x00f05b99... (84 %)
Writing at 0x00f09dd6... (84 %)
Writing at 0x00f0e00d... (84 %)
Writing at 0x00f12243... (84 %)
Writing at 0x00f16498... (84 %)
Writing at 0x00f1a6ce... (84 %)
Writing at 0x00f1e916... (85 %)
Writing at 0x00f22b3c... (85 %)
Writing at 0x00f26d70... (85 %)
Writing at 0x00f2afaa... (85 %)
Writing at 0x00f2f1d8... (85 %)
Writing at 0x00f33407... (85 %)
Writing at 0x00f37655... (85 %)
Writing at 0x00f3b81e... (85 %)
Writing at 0x00f3fa48... (85 %)
Writing at 0x00f43c91... (86 %)
Writing at 0x00f47ec5... (86 %)
Writing at 0x00f4c0f4... (86 %)
Writing at 0x00f5032d... (86 %)
Writing at 0x00f54574... (86 %)
Writing at 0x00f587bd... (86 %)
Writing at 0x00f5c9ec... (86 %)
Writing at 0x00f60c22... (86 %)
Writing at 0x00f64e68... (86 %)
Writing at 0x00f690a2... (87 %)
Writing at 0x00f6d2c2... (87 %)
Writing at 0x00f71503... (87 %)
Writing at 0x00f75741... (87 %)
Writing at 0x00f7998c... (87 %)
Writing at 0x00f7dbc2... (87 %)
Writing at 0x00f81df5... (87 %)
Writing at 0x00f86035... (87 %)
Writing at 0x00f8a275... (87 %)
Writing at 0x00f8e48d... (87 %)
Writing at 0x00f926c4... (88 %)
Writing at 0x00f968e8... (88 %)
Writing at 0x00f9ab21... (88 %)
Writing at 0x00f9ed48... (88 %)
Writing at 0x00fa2f70... (88 %)
Writing at 0x00fa71a7... (88 %)
Writing at 0x00fab3e5... (88 %)
Writing at 0x00faf615... (88 %)
Writing at 0x00fb3847... (88 %)
Writing at 0x00fb7a1b... (89 %)
Writing at 0x00fbbc52... (89 %)
Writing at 0x00fbfe94... (89 %)
Writing at 0x00fc40c8... (89 %)
Writing at 0x00fc82f1... (89 %)
Writing at 0x00fcc53f... (89 %)
Writing at 0x00fd0774... (89 %)
Writing at 0x00fd49ab... (89 %)
Writing at 0x00fd8bf6... (89 %)
Writing at 0x00fdce4a... (90 %)
Writing at 0x00fe1089... (90 %)
Writing at 0x00fe52c3... (90 %)
Writing at 0x00fe94f9... (90 %)
Writing at 0x00fed727... (90 %)
Writing at 0x00ff197e... (90 %)
Writing at 0x00ff5bb7... (90 %)
Writing at 0x00ff9deb... (90 %)
Writing at 0x00ffe021... (90 %)
Writing at 0x01002273... (90 %)
Writing at 0x010064bc... (91 %)
Writing at 0x0100a6fe... (91 %)
Writing at 0x0100e95d... (91 %)
Writing at 0x01012b8f... (91 %)
Writing at 0x01016dd6... (91 %)
Writing at 0x0101b012... (91 %)
Writing at 0x0101f24c... (91 %)
Writing at 0x0102348c... (91 %)
Writing at 0x010276bc... (91 %)
Writing at 0x0102b8ef... (92 %)
Writing at 0x0102fb2a... (92 %)
Writing at 0x01033d68... (92 %)
Writing at 0x01037f36... (92 %)
Writing at 0x0103c177... (92 %)
Writing at 0x010403b9... (92 %)
Writing at 0x01044603... (92 %)
Writing at 0x0104884f... (92 %)
Writing at 0x0104ca8e... (92 %)
Writing at 0x01050cba... (93 %)
Writing at 0x01054ef6... (93 %)
Writing at 0x0105911e... (93 %)
Writing at 0x0105d358... (93 %)
Writing at 0x01061582... (93 %)
Writing at 0x010657a6... (93 %)
Writing at 0x010699ca... (93 %)
Writing at 0x0106dbfc... (93 %)
Writing at 0x01071e1e... (93 %)
Writing at 0x0107604d... (93 %)
Writing at 0x0107a27d... (94 %)
Writing at 0x0107e4bd... (94 %)
Writing at 0x010826fa... (94 %)
Writing at 0x0108693a... (94 %)
Writing at 0x0108ab64... (94 %)
Writing at 0x0108eda2... (94 %)
Writing at 0x01092fc6... (94 %)
Writing at 0x010971e5... (94 %)
Writing at 0x0109b41f... (94 %)
Writing at 0x0109f64e... (95 %)
Writing at 0x010a387b... (95 %)
Writing at 0x010a7aa8... (95 %)
Writing at 0x010abcdc... (95 %)
Writing at 0x010aff0c... (95 %)
Writing at 0x010b4142... (95 %)
Writing at 0x010b832d... (95 %)
Writing at 0x010bc570... (95 %)
Writing at 0x010c07a5... (95 %)
Writing at 0x010c49dc... (96 %)
Writing at 0x010c8c2e... (96 %)
Writing at 0x010cce60... (96 %)
Writing at 0x010d109b... (96 %)
Writing at 0x010d52ac... (96 %)
Writing at 0x010da443... (96 %)
Writing at 0x010df605... (96 %)
Writing at 0x010e47a9... (96 %)
Writing at 0x010e996a... (96 %)
Writing at 0x010eeb25... (96 %)
Writing at 0x010f4103... (97 %)
Writing at 0x010f9897... (97 %)
Writing at 0x010ff03b... (97 %)
Writing at 0x011047f9... (97 %)
Writing at 0x0110a009... (97 %)
Writing at 0x0110e55b... (97 %)
Writing at 0x01112798... (97 %)
Writing at 0x011169d1... (97 %)
Writing at 0x0111ac00... (97 %)
Writing at 0x0111edd0... (98 %)
Writing at 0x01122ff3... (98 %)
Writing at 0x01127226... (98 %)
Writing at 0x0112b46b... (98 %)
Writing at 0x0112f854... (98 %)
Writing at 0x01133de6... (98 %)
Writing at 0x0113801f... (98 %)
Writing at 0x0113c25b... (98 %)
Writing at 0x01140494... (98 %)
Writing at 0x011446dc... (99 %)
Writing at 0x01148904... (99 %)
Writing at 0x0114cb31... (99 %)
Writing at 0x01150d7b... (99 %)
Writing at 0x01154ee3... (99 %)
Writing at 0x011595ff... (99 %)
Writing at 0x0115d71e... (99 %)
Writing at 0x01165b13... (99 %)
Writing at 0x0116e020... (99 %)
Writing at 0x011764ad... (100 %)
Wrote 16155796 bytes (15257427 compressed) at 0x00210000 in 161.1 seconds (effective 802.2 kbit/s)...
Hash of data verified.

Leaving...
Hard resetting via RTS pin...
ESP-ROM:esp32s3-20210327
Build:Mar 27 2021
rst:0x1 (POWERON),boot:0x8 (SPI_FAST_FLASH_BOOT)
SPIWP:0xee
Octal Flash Mode Enabled
For OPI Flash, Use Default Flash Boot Mode
mode:SLOW_RD, clock div:1
load:0x3fce2820,len:0x15bc
load:0x403c8700,len:0xe2c
load:0x403cb700,len:0x2fcc
entry 0x403c8944
I (32) boot: ESP-IDF v5.5.2 2nd stage bootloader
I (33) boot: compile time Sep 23 2026 00:49:23
I (33) boot: Multicore bootloader
I (33) boot: chip revision: v0.2
I (36) boot: efuse block revision: v1.3
I (39) boot.esp32s3: Boot SPI Speed : 80MHz
I (43) boot.esp32s3: SPI Mode       : SLOW READ
I (47) boot.esp32s3: SPI Flash Size : 32MB
I (51) boot: Enabling RNG early entropy source...
I (56) boot: Partition Table:
I (58) boot: ## Label            Usage          Type ST Offset   Length
I (65) boot:  0 nvs              WiFi data        01 02 00009000 00006000
I (71) boot:  1 phy_init         RF data          01 01 0000f000 00001000
I (78) boot:  2 factory          factory app      00 00 00010000 00200000
I (84) boot:  3 model            Unknown data     01 40 00210000 01df0000
I (91) boot: End of partition table
I (94) esp_image: segment 0: paddr=00010020 vaddr=3c030020 size=0cd3ch ( 52540) map
I (114) esp_image: segment 1: paddr=0001cd64 vaddr=3fc9c600 size=02f10h ( 12048) load
I (118) esp_image: segment 2: paddr=0001fc7c vaddr=40378000 size=0039ch (   924) load
I (118) esp_image: segment 3: paddr=00020020 vaddr=42000020 size=283c4h (164804) map
I (165) esp_image: segment 4: paddr=000483ec vaddr=4037839c size=141d8h ( 82392) load
I (189) esp_image: segment 5: paddr=0005c5cc vaddr=50000000 size=00020h (    32) load
I (197) boot: Loaded app from partition at offset 0x10000
I (197) boot: Disabling RNG early entropy source...
I (208) MSPI Timing: Enter flash timing tuning
I (209) octal_psram: vendor id    : 0x0d (AP)
I (209) octal_psram: dev id       : 0x03 (generation 4)
I (210) octal_psram: density      : 0x05 (128 Mbit)
I (214) octal_psram: good-die     : 0x01 (Pass)
I (219) octal_psram: Latency      : 0x01 (Fixed)
I (223) octal_psram: VCC          : 0x00 (1.8V)
I (227) octal_psram: SRF          : 0x01 (Fast Refresh)
I (232) octal_psram: BurstType    : 0x01 (Hybrid Wrap)
I (237) octal_psram: BurstLen     : 0x01 (32 Byte)
I (242) octal_psram: Readlatency  : 0x02 (10 cycles@Fixed)
I (247) octal_psram: DriveStrength: 0x00 (1/1)
I (251) MSPI Timing: Enter psram timing tuning
I (256) esp_psram: Found 16MB PSRAM device
I (259) esp_psram: Speed: 80MHz
I (262) cpu_start: Multicore app
I (829) esp_psram: SPI SRAM memory test OK
I (837) cpu_start: GPIO 44 and 43 are used as console UART I/O pins
I (842) cpu_start: Pro cpu start user code
I (842) cpu_start: cpu freq: 240000000 Hz
I (844) app_init: Application information:
I (848) app_init: Project name:     needle_demo
I (852) app_init: App version:      7cf8a6f-dirty
I (857) app_init: Compile time:     Sep 25 2026 15:54:41
I (862) app_init: ELF file SHA256:  8eeac0c41...
I (866) app_init: ESP-IDF:          v5.5.2
I (870) efuse_init: Min chip rev:     v0.0
I (874) efuse_init: Max chip rev:     v0.99 
I (878) efuse_init: Chip rev:         v0.2
I (882) heap_init: Initializing. RAM available for dynamic allocation:
I (888) heap_init: At 3FCC9C38 len 0001FAD8 (126 KiB): RAM
I (893) heap_init: At 3FCE9710 len 00005724 (21 KiB): RAM
I (898) heap_init: At 600FE000 len 00001FE8 (7 KiB): RTCRAM
I (904) esp_psram: Adding pool of 16384K of PSRAM memory to heap allocator
I (910) spi_flash: detected chip: mxic (opi)
I (914) spi_flash: flash io: opi_dtr
I (917) sleep_gpio: Configure to isolate all GPIO pins in sleep state
I (924) sleep_gpio: Enable automatic switching of GPIO sleep configuration
I (930) main_task: Started on CPU0
I (960) esp_psram: Reserving pool of 32K of internal memory for DMA/internal allocations
I (960) main_task: Calling app_main()
EVT mapped model=16155796 bytes at 0x3d040000
WARN drained 77 stale line(s) before the think toggle
EG2 ok=1 bytes=313344 k=[15707584,15864256) v=[15864256,16020928)
LSXCOST fixture_bad=0 cpwA=34 cpwB=25 ratioB_x100=73
LSX2 mask=1f vals=11.000,22.000,33.000,55.000,66.000
PV8W selftest trials=128 bad=0 canaries=ok
KRON1W selftest trials=64 bad=0
LANEMIX selftest trials=64 bad=0
LANEMIXROW selftest trials=64 bad=0
LANEPRE selftest trials=64 bad=0
KRON1W pool_align=0 kron1=1 lanemix=1 lanemix_row=1 lanepre=1
EVT ready model=needle3 layers=8 d_model=768 vocab=8192 window=384 tools=3 psram_free=1743000 internal_free=9335
EVT priming tokens=143 (one-time; every later request reuses this)
EVT priming 8/143  6%  elapsed=1s  eta=21s
EVT priming 16/143  11%  elapsed=2s  eta=19s
EVT priming 24/143  17%  elapsed=3s  eta=17s
EVT priming 32/143  22%  elapsed=5s  eta=16s
EVT priming 40/143  28%  elapsed=6s  eta=15s
EVT priming 48/143  34%  elapsed=7s  eta=13s
EVT priming 56/143  39%  elapsed=8s  eta=12s
EVT priming 64/143  45%  elapsed=9s  eta=11s
EVT priming 72/143  50%  elapsed=10s  eta=10s
EVT priming 80/143  56%  elapsed=11s  eta=9s
EVT priming 88/143  62%  elapsed=12s  eta=8s
EVT priming 96/143  67%  elapsed=14s  eta=7s
EVT priming 104/143  73%  elapsed=15s  eta=6s
EVT priming 112/143  78%  elapsed=16s  eta=4s
EVT priming 120/143  84%  elapsed=17s  eta=3s
EVT priming 128/143  90%  elapsed=18s  eta=2s
EVT priming 136/143  95%  elapsed=20s  eta=1s
EVT priming 143/143  100%  elapsed=21s  eta=0s
EVT prefix tokens=143 ms=20592 sink=143 (cached for all requests)
EVT priming tokens=213 (one-time; every later request reuses this)
EVT priming 8/213  4%  elapsed=1s  eta=34s
EVT priming 16/213  8%  elapsed=2s  eta=30s
EVT priming 24/213  11%  elapsed=4s  eta=28s
EVT priming 32/213  15%  elapsed=5s  eta=26s
EVT priming 40/213  19%  elapsed=6s  eta=25s
EVT priming 48/213  23%  elapsed=7s  eta=24s
EVT priming 56/213  26%  elapsed=8s  eta=22s
EVT priming 64/213  30%  elapsed=9s  eta=21s
EVT priming 72/213  34%  elapsed=10s  eta=20s
EVT priming 80/213  38%  elapsed=11s  eta=19s
EVT priming 88/213  41%  elapsed=13s  eta=18s
EVT priming 96/213  45%  elapsed=14s  eta=17s
EVT priming 104/213  49%  elapsed=15s  eta=16s
EVT priming 112/213  53%  elapsed=16s  eta=14s
EVT priming 120/213  56%  elapsed=17s  eta=13s
EVT priming 128/213  60%  elapsed=18s  eta=12s
EVT priming 136/213  64%  elapsed=20s  eta=11s
EVT priming 144/213  68%  elapsed=21s  eta=10s
EVT priming 152/213  71%  elapsed=22s  eta=9s
EVT priming 160/213  75%  elapsed=23s  eta=8s
EVT priming 168/213  79%  elapsed=24s  eta=7s
EVT priming 176/213  83%  elapsed=26s  eta=5s
EVT priming 184/213  86%  elapsed=27s  eta=4s
EVT priming 192/213  90%  elapsed=28s  eta=3s
EVT priming 200/213  94%  elapsed=29s  eta=2s
EVT priming 208/213  98%  elapsed=31s  eta=1s
EVT priming 213/213  100%  elapsed=31s  eta=0s
EVT prefix tokens=213 ms=31461 sink=213 (cached for all requests)
EVT cEVT bench tokens=6 ms=947 ms_per_tok=158 tps=6.333
EVT ==================================================
EVT  READY - type a request and press enter
EVT  e.g. "Sample telemetry every 5 seconds"
EVT  commands: !think (toggle reasoning), !status, !route <request>
EVT ==================================================
WARN drained 3 stale line(s) before the think toggle
EVT think=0
EVT think=0
STATE {"device":"esp32-s3","schema":"agent-watch-v2","layers":8,"model_bytes":16155796,"uptime_ms":54199,"free_internal_bytes":8503,"free_psram_bytes":517028,"sample_period_s":30,"samples":1,"last_sample_uptime_ms":53211,"last_sample_free_internal_bytes":9263,"timer_status":"idle","timer_remaining_ms":0,"timer_fired_count":0}
ATTACH_DEVICE path=/dev/needle-pi/console real=/dev/needle-pi/console rdev=166.1
STATE {"device":"esp32-s3","schema":"agent-watch-v2","layers":8,"model_bytes":16155796,"uptime_ms":54232,"free_internal_bytes":8503,"free_psram_bytes":517028,"sample_period_s":30,"samples":1,"last_sample_uptime_ms":53211,"last_sample_free_internal_bytes":9263,"timer_status":"idle","timer_remaining_ms":0,"timer_fired_count":0}
CASE original8 sampling5 exact=1 prefill_tps=6.62 decode_tps=6.28 tokens=18
CASE original8 timer60 exact=1 prefill_tps=6.62 decode_tps=6.27 tokens=14
CASE original8 status_heap exact=1 prefill_tps=6.62 decode_tps=6.17 tokens=10
CASE original8 batch exact=1 prefill_tps=6.61 decode_tps=6.34 tokens=29
CASE original8 heldout_timer45 exact=1 prefill_tps=6.62 decode_tps=6.27 tokens=14
EVT think=0
STATE {"device":"esp32-s3","schema":"agent-watch-v2","layers":8,"model_bytes":16155796,"uptime_ms":88648,"free_internal_bytes":8503,"free_psram_bytes":499104,"sample_period_s":10,"samples":5,"last_sample_uptime_ms":80895,"last_sample_free_internal_bytes":8919,"timer_status":"running","timer_remaining_ms":42896,"timer_fired_count":0}
CASE original8 route_translate exact=1 prefill_tps=6.32 decode_tps=5.99 tokens=14
EVT think=0
STATE {"device":"esp32-s3","schema":"agent-watch-v2","layers":8,"model_bytes":16155796,"uptime_ms":96827,"free_internal_bytes":8503,"free_psram_bytes":499104,"sample_period_s":10,"samples":6,"last_sample_uptime_ms":90930,"last_sample_free_internal_bytes":8919,"timer_status":"running","timer_remaining_ms":34717,"timer_fired_count":0}
CASE original8 heldout_sampling15 exact=1 prefill_tps=6.62 decode_tps=6.31 tokens=19
CASE original8 heldout_batch exact=1 prefill_tps=6.6 decode_tps=6.33 tokens=31
WARN drained 9 stale line(s) before the think toggle
EVT priming 8/143  6%  elapsed=1s  eta=21s
EVT priming 16/143  11%  elapsed=2s  eta=19s
EVT priming 24/143  17%  elapsed=3s  eta=17s
EVT priming 32/143  22%  elapsed=5s  eta=16s
EVT priming 40/143  28%  elapsed=6s  eta=15s
EVT priming 48/143  34%  elapsed=7s  eta=13s
EVT priming 56/143  39%  elapsed=8s  eta=12s
EVT priming 64/143  45%  elapsed=9s  eta=11s
EVT priming 72/143  50%  elapsed=10s  eta=10s
EVT priming 80/143  56%  elapsed=11s  eta=9s
EVT priming 88/143  62%  elapsed=12s  eta=8s
EVT priming 96/143  67%  elapsed=14s  eta=7s
EVT priming 104/143  73%  elapsed=15s  eta=6s
EVT priming 112/143  78%  elapsed=16s  eta=4s
EVT priming 120/143  84%  elapsed=17s  eta=3s
EVT priming 128/143  90%  elapsed=18s  eta=2s
EVT priming 136/143  95%  elapsed=20s  eta=1s
EVT priming 143/143  100%  elapsed=21s  eta=0s
EVT prefix tokens=143 ms=20592 sink=143 (cached for all requests)
EVT priming tokens=213 (one-time; every later request reuses this)
EVT priming 8/213  4%  elapsed=1s  eta=34s
EVT priming 16/213  8%  elapsed=2s  eta=30s
EVT priming 24/213  11%  elapsed=4s  eta=28s
EVT priming 32/213  15%  elapsed=5s  eta=26s
EVT priming 40/213  19%  elapsed=6s  eta=25s
EVT priming 48/213  23%  elapsed=7s  eta=24s
EVT priming 56/213  26%  elapsed=8s  eta=22s
EVT priming 64/213  30%  elapsed=9s  eta=21s
EVT priming 72/213  34%  elapsed=10s  eta=20s
EVT priming 80/213  38%  elapsed=11s  eta=19s
EVT priming 88/213  41%  elapsed=13s  eta=18s
EVT priming 96/213  45%  elapsed=14s  eta=17s
EVT priming 104/213  49%  elapsed=15s  eta=16s
EVT priming 112/213  53%  elapsed=16s  eta=14s
EVT priming 120/213  56%  elapsed=17s  eta=13s
EVT priming 128/213  60%  elapsed=18s  eta=12s
EVT priming 136/213  64%  elapsed=20s  eta=11s
EVT priming 144/213  68%  elapsed=21s  eta=10s
EVT priming 152/213  71%  elapsed=22s  eta=9s
EVT priming 160/213  75%  elapsed=23s  eta=8s
EVT priming 168/213  79%  elapsed=24s  eta=7s
EVT priming 176/213  83%  elapsed=26s  eta=5s
EVT priming 184/213  86%  elapsed=27s  eta=4s
EVT priming 192/213  90%  elapsed=28s  eta=3s
EVT priming 200/213  94%  elapsed=29s  eta=2s
EVT priming 208/213  98%  elapsed=31s  eta=1s
EVT priming 213/213  100%  elapsed=31s  eta=0s
EVT prefix tokens=213 ms=31461 sink=213 (cached for all requests)
EVT cEVT bench tokens=6 ms=947 ms_per_tok=158 tps=6.333
EVT ==================================================
EVT  READY - type a request and press enter
EVT  e.g. "Sample telemetry every 5 seconds"
EVT  commands: !think (toggle reasoning), !status, !route <request>
EVT ==================================================
WARN drained 3 stale line(s) before the think toggle
EVT think=0
EVT think=0
STATE {"device":"esp32-s3","schema":"agent-watch-v2","layers":8,"model_bytes":16155796,"uptime_ms":54199,"free_internal_bytes":8503,"free_psram_bytes":517028,"sample_period_s":30,"samples":1,"last_sample_uptime_ms":53211,"last_sample_free_internal_bytes":9263,"timer_status":"idle","timer_remaining_ms":0,"timer_fired_count":0}
CASE original8 route_code exact=1 prefill_tps=6.3 decode_tps=5.88 tokens=11
CASE original8 heldout_route_timer exact=1 prefill_tps=6.32 decode_tps=5.91 tokens=10
CASE original8 heldout_route_research exact=1 prefill_tps=6.3 decode_tps=5.95 tokens=13
EVT think=0
STATE {"device":"esp32-s3","schema":"agent-watch-v2","layers":8,"model_bytes":16155796,"uptime_ms":75380,"free_internal_bytes":8503,"free_psram_bytes":499104,"sample_period_s":30,"samples":1,"last_sample_uptime_ms":53211,"last_sample_free_internal_bytes":9263,"timer_status":"idle","timer_remaining_ms":0,"timer_fired_count":0}
CASE original8 heldout_free_describe exact=0 prefill_tps=6.61 decode_tps=6.17 tokens=10
COMPLETE original8 {'cases': 12, 'success': 12, 'scored_cases': 12, 'exact_calls': 11, 'decode_tps_mean': 6.1558, 'prefill_tps_mean': 6.5133, 'decode_timed_cases': 12, 'prefill_timed_cases': 12, 'decode_ms_mean': 2595.75, 'prefill_ms_mean': 2357.6667, 'latency_ms_mean': 5656.8667, 'decode_tokens_sum': 193, 'retried': 0}
