FLASH /opt/esp/python_env/idf5.5_py3.12_env/bin/python -m esptool --chip esp32s3 --port /dev/needle-pi/board3-flash --baud 921600 --before default_reset --after hard_reset write_flash --flash_mode dout --flash_size 32MB --flash_freq 80m 0x0 /workspace/esp32-needle-3/benchmarks/assets/bootloader-current.bin 0x8000 /workspace/esp32-needle-3/benchmarks/assets/partition-table.bin 0x10000 /workspace/esp32-needle-3/benchmarks/assets/needle-matrix.bin 0x210000 /workspace/esp32-needle-3/.runtime/benchmarks/models/depth-09.cact
esptool.py v4.11.dev1
Serial port /dev/needle-pi/board3-flash
Connecting....
Chip is ESP32-S3 (QFN56) (revision v0.2)
Features: WiFi, BLE, Embedded PSRAM 16MB (AP_1v8)
Crystal is 40MHz
USB mode: USB-Serial/JTAG
MAC: 90:e5:b1:d1:c1:c8
Uploading stub...
Running stub...
Stub running...
Changing baud rate to 921600
Changed.
Configuring flash size...
Flash will be erased from 0x00000000 to 0x00005fff...
Flash will be erased from 0x00008000 to 0x00008fff...
Flash will be erased from 0x00010000 to 0x0005cfff...
Flash will be erased from 0x00210000 to 0x01205fff...
SHA digest in image updated
Compressed 21520 bytes to 13703...
Writing at 0x00000000... (100 %)
Wrote 21520 bytes (13703 compressed) at 0x00000000 in 0.3 seconds (effective 592.1 kbit/s)...
Hash of data verified.
Compressed 3072 bytes to 120...
Writing at 0x00008000... (100 %)
Wrote 3072 bytes (120 compressed) at 0x00008000 in 0.0 seconds (effective 653.2 kbit/s)...
Hash of data verified.
Compressed 312880 bytes to 188970...
Writing at 0x00010000... (8 %)
Writing at 0x0001bcdc... (16 %)
Writing at 0x00023e95... (25 %)
Writing at 0x000299ed... (33 %)
Writing at 0x0002ee78... (41 %)
Writing at 0x00034042... (50 %)
Writing at 0x00039595... (58 %)
Writing at 0x0003fdfc... (66 %)
Writing at 0x00047ec6... (75 %)
Writing at 0x0004d5c9... (83 %)
Writing at 0x00053345... (91 %)
Writing at 0x0005913d... (100 %)
Wrote 312880 bytes (188970 compressed) at 0x00010000 in 2.9 seconds (effective 874.8 kbit/s)...
Hash of data verified.
Compressed 16734228 bytes to 15809728...
Writing at 0x00210000... (0 %)
Writing at 0x0021a814... (0 %)
Writing at 0x002242fb... (0 %)
Writing at 0x002288ae... (0 %)
Writing at 0x0022d261... (0 %)
Writing at 0x00231b42... (0 %)
Writing at 0x00235e9f... (0 %)
Writing at 0x0023a20c... (0 %)
Writing at 0x0023e57e... (0 %)
Writing at 0x002428eb... (1 %)
Writing at 0x00246bed... (1 %)
Writing at 0x0024af56... (1 %)
Writing at 0x0024f2c4... (1 %)
Writing at 0x0025362b... (1 %)
Writing at 0x00257996... (1 %)
Writing at 0x0025bcfc... (1 %)
Writing at 0x00260068... (1 %)
Writing at 0x002643cc... (1 %)
Writing at 0x0026872b... (1 %)
Writing at 0x0026ca89... (2 %)
Writing at 0x00270df9... (2 %)
Writing at 0x00275150... (2 %)
Writing at 0x002794b2... (2 %)
Writing at 0x0027d823... (2 %)
Writing at 0x00281b82... (2 %)
Writing at 0x00285ee6... (2 %)
Writing at 0x0028a247... (2 %)
Writing at 0x0028e5aa... (2 %)
Writing at 0x00292912... (3 %)
Writing at 0x00296c7b... (3 %)
Writing at 0x0029af84... (3 %)
Writing at 0x0029f2e9... (3 %)
Writing at 0x002a3654... (3 %)
Writing at 0x002a79c0... (3 %)
Writing at 0x002abd22... (3 %)
Writing at 0x002b0092... (3 %)
Writing at 0x002b43ea... (3 %)
Writing at 0x002b874a... (3 %)
Writing at 0x002bcab3... (4 %)
Writing at 0x002c0e27... (4 %)
Writing at 0x002c518f... (4 %)
Writing at 0x002c94f7... (4 %)
Writing at 0x002cd851... (4 %)
Writing at 0x002d1bb4... (4 %)
Writing at 0x002d5f20... (4 %)
Writing at 0x002da27e... (4 %)
Writing at 0x002de5e9... (4 %)
Writing at 0x002e2943... (4 %)
Writing at 0x002e6caa... (5 %)
Writing at 0x002eafa9... (5 %)
Writing at 0x002ef310... (5 %)
Writing at 0x002f3675... (5 %)
Writing at 0x002f79da... (5 %)
Writing at 0x002fbd4b... (5 %)
Writing at 0x003000a9... (5 %)
Writing at 0x0030441d... (5 %)
Writing at 0x00308784... (5 %)
Writing at 0x0030caf5... (6 %)
Writing at 0x00310e62... (6 %)
Writing at 0x003151c5... (6 %)
Writing at 0x00319533... (6 %)
Writing at 0x0031d88c... (6 %)
Writing at 0x00321c03... (6 %)
Writing at 0x00325f6b... (6 %)
Writing at 0x0032a2d3... (6 %)
Writing at 0x0032e632... (6 %)
Writing at 0x0033299c... (6 %)
Writing at 0x00336d09... (7 %)
Writing at 0x0033b074... (7 %)
Writing at 0x0033f36a... (7 %)
Writing at 0x003436d5... (7 %)
Writing at 0x00347a36... (7 %)
Writing at 0x0034bd9a... (7 %)
Writing at 0x003500fa... (7 %)
Writing at 0x0035445d... (7 %)
Writing at 0x003587bf... (7 %)
Writing at 0x0035cb2b... (7 %)
Writing at 0x00360e8d... (8 %)
Writing at 0x003651f8... (8 %)
Writing at 0x00369566... (8 %)
Writing at 0x0036d8d6... (8 %)
Writing at 0x00371c44... (8 %)
Writing at 0x00375fac... (8 %)
Writing at 0x0037a314... (8 %)
Writing at 0x0037e683... (8 %)
Writing at 0x003829e2... (8 %)
Writing at 0x00386d43... (9 %)
Writing at 0x0038b0a7... (9 %)
Writing at 0x0038f40f... (9 %)
Writing at 0x00393711... (9 %)
Writing at 0x00397a6d... (9 %)
Writing at 0x0039bdcf... (9 %)
Writing at 0x003a0138... (9 %)
Writing at 0x003a4499... (9 %)
Writing at 0x003a880d... (9 %)
Writing at 0x003acb78... (9 %)
Writing at 0x003b0ee2... (10 %)
Writing at 0x003b5250... (10 %)
Writing at 0x003b95af... (10 %)
Writing at 0x003bd91e... (10 %)
Writing at 0x003c1c7a... (10 %)
Writing at 0x003c5fe8... (10 %)
Writing at 0x003ca344... (10 %)
Writing at 0x003ce6aa... (10 %)
Writing at 0x003d2a08... (10 %)
Writing at 0x003d6d7d... (10 %)
Writing at 0x003db0dc... (11 %)
Writing at 0x003df444... (11 %)
Writing at 0x003e3775... (11 %)
Writing at 0x003e7ab1... (11 %)
Writing at 0x003ebe1a... (11 %)
Writing at 0x003f0179... (11 %)
Writing at 0x003f44dc... (11 %)
Writing at 0x003f8843... (11 %)
Writing at 0x003fcbaf... (11 %)
Writing at 0x00400f1e... (12 %)
Writing at 0x00405286... (12 %)
Writing at 0x004095ec... (12 %)
Writing at 0x0040d951... (12 %)
Writing at 0x00411cae... (12 %)
Writing at 0x00416007... (12 %)
Writing at 0x0041a365... (12 %)
Writing at 0x0041e6d9... (12 %)
Writing at 0x00422a31... (12 %)
Writing at 0x00426d9b... (12 %)
Writing at 0x0042b100... (13 %)
Writing at 0x0042f463... (13 %)
Writing at 0x004337cc... (13 %)
Writing at 0x00437abe... (13 %)
Writing at 0x0043be28... (13 %)
Writing at 0x00440191... (13 %)
Writing at 0x004444f8... (13 %)
Writing at 0x00448865... (13 %)
Writing at 0x0044cbc7... (13 %)
Writing at 0x00450f3c... (13 %)
Writing at 0x004552aa... (14 %)
Writing at 0x00459611... (14 %)
Writing at 0x0045d97f... (14 %)
Writing at 0x00461cdf... (14 %)
Writing at 0x00466047... (14 %)
Writing at 0x0046a3b0... (14 %)
Writing at 0x0046e71f... (14 %)
Writing at 0x00472a85... (14 %)
Writing at 0x00476deb... (14 %)
Writing at 0x0047b15d... (15 %)
Writing at 0x0047f4c2... (15 %)
Writing at 0x00483826... (15 %)
Writing at 0x00487b93... (15 %)
Writing at 0x0048be9a... (15 %)
Writing at 0x00490201... (15 %)
Writing at 0x00494564... (15 %)
Writing at 0x004988cc... (15 %)
Writing at 0x0049cc2e... (15 %)
Writing at 0x004a0f95... (15 %)
Writing at 0x004a52fd... (16 %)
Writing at 0x004a9663... (16 %)
Writing at 0x004ad9cd... (16 %)
Writing at 0x004b1d43... (16 %)
Writing at 0x004b60a2... (16 %)
Writing at 0x004ba409... (16 %)
Writing at 0x004be779... (16 %)
Writing at 0x004c2ad4... (16 %)
Writing at 0x004c6e3e... (16 %)
Writing at 0x004cb1b4... (16 %)
Writing at 0x004cf51f... (17 %)
Writing at 0x004d3885... (17 %)
Writing at 0x004d7be9... (17 %)
Writing at 0x004dbf52... (17 %)
Writing at 0x004e025f... (17 %)
Writing at 0x004e45c6... (17 %)
Writing at 0x004e8937... (17 %)
Writing at 0x004ecc9a... (17 %)
Writing at 0x004f1008... (17 %)
Writing at 0x004f536e... (18 %)
Writing at 0x004f96d9... (18 %)
Writing at 0x004fda3d... (18 %)
Writing at 0x00501daa... (18 %)
Writing at 0x00506115... (18 %)
Writing at 0x0050a477... (18 %)
Writing at 0x0050e7db... (18 %)
Writing at 0x00512a3e... (18 %)
Writing at 0x00517ecd... (18 %)
Writing at 0x0051d81e... (18 %)
Writing at 0x0052324b... (19 %)
Writing at 0x00528c41... (19 %)
Writing at 0x0052d84b... (19 %)
Writing at 0x00531a7f... (19 %)
Writing at 0x00535cc3... (19 %)
Writing at 0x00539edd... (19 %)
Writing at 0x0053e111... (19 %)
Writing at 0x0054234d... (19 %)
Writing at 0x00546490... (19 %)
Writing at 0x0054a9d9... (20 %)
Writing at 0x0054ebf0... (20 %)
Writing at 0x00552dba... (20 %)
Writing at 0x00556f22... (20 %)
Writing at 0x0055b145... (20 %)
Writing at 0x0055f37a... (20 %)
Writing at 0x005635be... (20 %)
Writing at 0x005677e5... (20 %)
Writing at 0x0056ba1c... (20 %)
Writing at 0x0056fc4d... (20 %)
Writing at 0x00573e7f... (21 %)
Writing at 0x005780b3... (21 %)
Writing at 0x0057c7f8... (21 %)
Writing at 0x00580a06... (21 %)
Writing at 0x00584c4b... (21 %)
Writing at 0x00588e2d... (21 %)
Writing at 0x0058d078... (21 %)
Writing at 0x0059129c... (21 %)
Writing at 0x005954cf... (21 %)
Writing at 0x00599712... (21 %)
Writing at 0x0059d8c3... (22 %)
Writing at 0x005a2420... (22 %)
Writing at 0x005a6f38... (22 %)
Writing at 0x005ab3e5... (22 %)
Writing at 0x005af8b0... (22 %)
Writing at 0x005b3ab7... (22 %)
Writing at 0x005b7ce7... (22 %)
Writing at 0x005bbf31... (22 %)
Writing at 0x005c0162... (22 %)
Writing at 0x005c4393... (23 %)
Writing at 0x005c8537... (23 %)
Writing at 0x005cca2b... (23 %)
Writing at 0x005d0c0d... (23 %)
Writing at 0x005d4dfe... (23 %)
Writing at 0x005d8f6d... (23 %)
Writing at 0x005dd186... (23 %)
Writing at 0x005e139a... (23 %)
Writing at 0x005e55ce... (23 %)
Writing at 0x005e980a... (23 %)
Writing at 0x005eda55... (24 %)
Writing at 0x005f1c84... (24 %)
Writing at 0x005f5ea6... (24 %)
Writing at 0x005fa0cd... (24 %)
Writing at 0x005fe952... (24 %)
Writing at 0x00602ab6... (24 %)
Writing at 0x00606ce5... (24 %)
Writing at 0x0060aefd... (24 %)
Writing at 0x0060f124... (24 %)
Writing at 0x0061335e... (24 %)
Writing at 0x00617596... (25 %)
Writing at 0x0061b7c2... (25 %)
Writing at 0x0061f9fa... (25 %)
Writing at 0x0062419d... (25 %)
Writing at 0x00628d41... (25 %)
Writing at 0x0062d342... (25 %)
Writing at 0x0063176e... (25 %)
Writing at 0x00635a1b... (25 %)
Writing at 0x00639c53... (25 %)
Writing at 0x0063de8d... (26 %)
Writing at 0x006420aa... (26 %)
Writing at 0x006462dd... (26 %)
Writing at 0x0064a4fc... (26 %)
Writing at 0x0064e995... (26 %)
Writing at 0x00652b3d... (26 %)
Writing at 0x00656d62... (26 %)
Writing at 0x0065af2d... (26 %)
Writing at 0x0065f0e7... (26 %)
Writing at 0x0066330c... (26 %)
Writing at 0x0066754b... (27 %)
Writing at 0x0066b77e... (27 %)
Writing at 0x0066f9c2... (27 %)
Writing at 0x00673c00... (27 %)
Writing at 0x00677e29... (27 %)
Writing at 0x0067c069... (27 %)
Writing at 0x006806ca... (27 %)
Writing at 0x00684a47... (27 %)
Writing at 0x00688c7b... (27 %)
Writing at 0x0068cea4... (27 %)
Writing at 0x006910e3... (28 %)
Writing at 0x00695323... (28 %)
Writing at 0x0069955f... (28 %)
Writing at 0x0069d795... (28 %)
Writing at 0x006a19cc... (28 %)
Writing at 0x006a5c5b... (28 %)
Writing at 0x006aab10... (28 %)
Writing at 0x006af2ef... (28 %)
Writing at 0x006b37b0... (28 %)
Writing at 0x006b7a94... (29 %)
Writing at 0x006bbc9f... (29 %)
Writing at 0x006bfedf... (29 %)
Writing at 0x006c412c... (29 %)
Writing at 0x006c8375... (29 %)
Writing at 0x006cc5c1... (29 %)
Writing at 0x006d083d... (29 %)
Writing at 0x006d4c62... (29 %)
Writing at 0x006d8e7e... (29 %)
Writing at 0x006dd07a... (29 %)
Writing at 0x006e11b9... (30 %)
Writing at 0x006e53dc... (30 %)
Writing at 0x006e961a... (30 %)
Writing at 0x006ed84a... (30 %)
Writing at 0x006f1a8b... (30 %)
Writing at 0x006f5cbc... (30 %)
Writing at 0x006f9f13... (30 %)
Writing at 0x006fe146... (30 %)
Writing at 0x00702335... (30 %)
Writing at 0x00706c4b... (30 %)
Writing at 0x0070ae7d... (31 %)
Writing at 0x0070f0ab... (31 %)
Writing at 0x007132f8... (31 %)
Writing at 0x0071753d... (31 %)
Writing at 0x0071b77c... (31 %)
Writing at 0x0071f9a5... (31 %)
Writing at 0x00723bd6... (31 %)
Writing at 0x00727cef... (31 %)
Writing at 0x0072cb08... (31 %)
Writing at 0x0073154c... (32 %)
Writing at 0x007359ca... (32 %)
Writing at 0x00739da7... (32 %)
Writing at 0x0073dfa5... (32 %)
Writing at 0x007421e6... (32 %)
Writing at 0x00746428... (32 %)
Writing at 0x0074a64b... (32 %)
Writing at 0x0074e87d... (32 %)
Writing at 0x00752a55... (32 %)
Writing at 0x00756ee9... (32 %)
Writing at 0x0075b0e4... (33 %)
Writing at 0x0075f2d2... (33 %)
Writing at 0x0076347d... (33 %)
Writing at 0x0076767f... (33 %)
Writing at 0x0076b8b1... (33 %)
Writing at 0x0076fae6... (33 %)
Writing at 0x00773d1e... (33 %)
Writing at 0x00777f4a... (33 %)
Writing at 0x0077c181... (33 %)
Writing at 0x007803ab... (33 %)
Writing at 0x007845e8... (34 %)
Writing at 0x00788d80... (34 %)
Writing at 0x0078cf9d... (34 %)
Writing at 0x007911d4... (34 %)
Writing at 0x007953b6... (34 %)
Writing at 0x00799601... (34 %)
Writing at 0x0079d855... (34 %)
Writing at 0x007a1aaa... (34 %)
Writing at 0x007a5cdd... (34 %)
Writing at 0x007a9ec0... (35 %)
Writing at 0x007ae93c... (35 %)
Writing at 0x007b3518... (35 %)
Writing at 0x007b7a94... (35 %)
Writing at 0x007bbf27... (35 %)
Writing at 0x007c0120... (35 %)
Writing at 0x007c4377... (35 %)
Writing at 0x007c859f... (35 %)
Writing at 0x007cc7d9... (35 %)
Writing at 0x007d0a0b... (35 %)
Writing at 0x007d4c10... (36 %)
Writing at 0x007d90fd... (36 %)
Writing at 0x007dd2c1... (36 %)
Writing at 0x007e1497... (36 %)
Writing at 0x007e56b0... (36 %)
Writing at 0x007e9881... (36 %)
Writing at 0x007edac4... (36 %)
Writing at 0x007f1cec... (36 %)
Writing at 0x007f5f3d... (36 %)
Writing at 0x007fa175... (36 %)
Writing at 0x007fe3e7... (37 %)
Writing at 0x00802620... (37 %)
Writing at 0x00806861... (37 %)
Writing at 0x0080b047... (37 %)
Writing at 0x0080f1f5... (37 %)
Writing at 0x0081343b... (37 %)
Writing at 0x00817673... (37 %)
Writing at 0x0081b8a8... (37 %)
Writing at 0x0081fae5... (37 %)
Writing at 0x00823d22... (38 %)
Writing at 0x00827f49... (38 %)
Writing at 0x0082c19b... (38 %)
Writing at 0x008308ce... (38 %)
Writing at 0x00835632... (38 %)
Writing at 0x00839cb9... (38 %)
Writing at 0x0083e217... (38 %)
Writing at 0x008424b1... (38 %)
Writing at 0x008466e3... (38 %)
Writing at 0x0084a938... (38 %)
Writing at 0x0084eb76... (39 %)
Writing at 0x00852db0... (39 %)
Writing at 0x00856fcc... (39 %)
Writing at 0x0085b45d... (39 %)
Writing at 0x0085f62d... (39 %)
Writing at 0x00863840... (39 %)
Writing at 0x00867a0a... (39 %)
Writing at 0x0086bbd8... (39 %)
Writing at 0x0086fdf9... (39 %)
Writing at 0x00874044... (40 %)
Writing at 0x00878272... (40 %)
Writing at 0x0087c4be... (40 %)
Writing at 0x008806f8... (40 %)
Writing at 0x00884949... (40 %)
Writing at 0x00888ba0... (40 %)
Writing at 0x0088d129... (40 %)
Writing at 0x00891541... (40 %)
Writing at 0x0089579b... (40 %)
Writing at 0x008999d4... (40 %)
Writing at 0x0089dc14... (41 %)
Writing at 0x008a1e4c... (41 %)
Writing at 0x008a608b... (41 %)
Writing at 0x008aa2df... (41 %)
Writing at 0x008ae52e... (41 %)
Writing at 0x008b2748... (41 %)
Writing at 0x008b73c8... (41 %)
Writing at 0x008bbdd0... (41 %)
Writing at 0x008c02c9... (41 %)
Writing at 0x008c45da... (41 %)
Writing at 0x008c87da... (42 %)
Writing at 0x008cca1b... (42 %)
Writing at 0x008d0c59... (42 %)
Writing at 0x008d4ea5... (42 %)
Writing at 0x008d90d6... (42 %)
Writing at 0x008dd2cf... (42 %)
Writing at 0x008e17f1... (42 %)
Writing at 0x008e59a3... (42 %)
Writing at 0x008e9c08... (42 %)
Writing at 0x008edd8d... (43 %)
Writing at 0x008f1fd5... (43 %)
Writing at 0x008f621b... (43 %)
Writing at 0x008fa461... (43 %)
Writing at 0x008fe6c2... (43 %)
Writing at 0x0090290c... (43 %)
Writing at 0x00906b56... (43 %)
Writing at 0x0090ad7a... (43 %)
Writing at 0x0090ef39... (43 %)
Writing at 0x00913745... (43 %)
Writing at 0x0091799e... (44 %)
Writing at 0x0091bc04... (44 %)
Writing at 0x0091fe56... (44 %)
Writing at 0x009240aa... (44 %)
Writing at 0x0092831a... (44 %)
Writing at 0x0092c57a... (44 %)
Writing at 0x009307ec... (44 %)
Writing at 0x0093496e... (44 %)
Writing at 0x00939475... (44 %)
Writing at 0x0093de5d... (44 %)
Writing at 0x00942343... (45 %)
Writing at 0x00946725... (45 %)
Writing at 0x0094a8e6... (45 %)
Writing at 0x0094eb15... (45 %)
Writing at 0x00952d4f... (45 %)
Writing at 0x00956f9a... (45 %)
Writing at 0x0095b1ca... (45 %)
Writing at 0x0095f408... (45 %)
Writing at 0x009638c5... (45 %)
Writing at 0x00967a8f... (46 %)
Writing at 0x0096bcd8... (46 %)
Writing at 0x0096fe94... (46 %)
Writing at 0x009740ae... (46 %)
Writing at 0x009782f2... (46 %)
Writing at 0x0097c53c... (46 %)
Writing at 0x00980727... (46 %)
Writing at 0x00984982... (46 %)
Writing at 0x00988bca... (46 %)
Writing at 0x0098ce36... (46 %)
Writing at 0x00991028... (47 %)
Writing at 0x00995789... (47 %)
Writing at 0x009999e9... (47 %)
Writing at 0x0099dc3f... (47 %)
Writing at 0x009a1e94... (47 %)
Writing at 0x009a60e8... (47 %)
Writing at 0x009aa32b... (47 %)
Writing at 0x009ae58b... (47 %)
Writing at 0x009b27c9... (47 %)
Writing at 0x009b69f7... (47 %)
Writing at 0x009bb328... (48 %)
Writing at 0x009bfe5c... (48 %)
Writing at 0x009c4511... (48 %)
Writing at 0x009c8e94... (48 %)
Writing at 0x009cd92c... (48 %)
Writing at 0x009d1c9b... (48 %)
Writing at 0x009d5fc5... (48 %)
Writing at 0x009db2f5... (48 %)
Writing at 0x009df65a... (48 %)
Writing at 0x009e3990... (49 %)
Writing at 0x009ebabb... (49 %)
Writing at 0x009efe13... (49 %)
Writing at 0x009f4176... (49 %)
Writing at 0x009f84d7... (49 %)
Writing at 0x009fc841... (49 %)
Writing at 0x00a00ba9... (49 %)
Writing at 0x00a04f16... (49 %)
Writing at 0x00a09219... (49 %)
Writing at 0x00a0d57a... (49 %)
Writing at 0x00a118de... (50 %)
Writing at 0x00a15c42... (50 %)
Writing at 0x00a19eb8... (50 %)
Writing at 0x00a1ef28... (50 %)
Writing at 0x00a2314b... (50 %)
Writing at 0x00a2737f... (50 %)
Writing at 0x00a2b5c9... (50 %)
Writing at 0x00a2f7f9... (50 %)
Writing at 0x00a33a1d... (50 %)
Writing at 0x00a37c3e... (50 %)
Writing at 0x00a3be84... (51 %)
Writing at 0x00a400c4... (51 %)
Writing at 0x00a442e9... (51 %)
Writing at 0x00a4851b... (51 %)
Writing at 0x00a4c74c... (51 %)
Writing at 0x00a5096c... (51 %)
Writing at 0x00a54b9f... (51 %)
Writing at 0x00a58de2... (51 %)
Writing at 0x00a5d008... (51 %)
Writing at 0x00a61229... (52 %)
Writing at 0x00a65465... (52 %)
Writing at 0x00a696a5... (52 %)
Writing at 0x00a6d8e3... (52 %)
Writing at 0x00a71b28... (52 %)
Writing at 0x00a75d5b... (52 %)
Writing at 0x00a79f9a... (52 %)
Writing at 0x00a7e1c5... (52 %)
Writing at 0x00a823f1... (52 %)
Writing at 0x00a8661b... (52 %)
Writing at 0x00a8a850... (53 %)
Writing at 0x00a8ea9a... (53 %)
Writing at 0x00a92cd3... (53 %)
Writing at 0x00a96ea9... (53 %)
Writing at 0x00a9b0dd... (53 %)
Writing at 0x00a9f300... (53 %)
Writing at 0x00aa353c... (53 %)
Writing at 0x00aa7771... (53 %)
Writing at 0x00aab99e... (53 %)
Writing at 0x00aafbcf... (53 %)
Writing at 0x00ab3ded... (54 %)
Writing at 0x00ab8007... (54 %)
Writing at 0x00abc23c... (54 %)
Writing at 0x00ac046e... (54 %)
Writing at 0x00ac4694... (54 %)
Writing at 0x00ac88bc... (54 %)
Writing at 0x00accaee... (54 %)
Writing at 0x00ad0d20... (54 %)
Writing at 0x00ad4f53... (54 %)
Writing at 0x00ad9170... (55 %)
Writing at 0x00add3a8... (55 %)
Writing at 0x00ae15de... (55 %)
Writing at 0x00ae57f3... (55 %)
Writing at 0x00ae9a18... (55 %)
Writing at 0x00aedc50... (55 %)
Writing at 0x00af1e98... (55 %)
Writing at 0x00af60be... (55 %)
Writing at 0x00afa2f8... (55 %)
Writing at 0x00afe519... (55 %)
Writing at 0x00b0275e... (56 %)
Writing at 0x00b06987... (56 %)
Writing at 0x00b0aba6... (56 %)
Writing at 0x00b0ede2... (56 %)
Writing at 0x00b1300f... (56 %)
Writing at 0x00b171d7... (56 %)
Writing at 0x00b1b3f3... (56 %)
Writing at 0x00b1f626... (56 %)
Writing at 0x00b23855... (56 %)
Writing at 0x00b27a8a... (56 %)
Writing at 0x00b2bccd... (57 %)
Writing at 0x00b2ff0c... (57 %)
Writing at 0x00b3414d... (57 %)
Writing at 0x00b38371... (57 %)
Writing at 0x00b3c5a9... (57 %)
Writing at 0x00b407f7... (57 %)
Writing at 0x00b44a23... (57 %)
Writing at 0x00b48c75... (57 %)
Writing at 0x00b4ce9c... (57 %)
Writing at 0x00b510cc... (58 %)
Writing at 0x00b5530e... (58 %)
Writing at 0x00b59523... (58 %)
Writing at 0x00b5d761... (58 %)
Writing at 0x00b6198d... (58 %)
Writing at 0x00b65bd9... (58 %)
Writing at 0x00b69dff... (58 %)
Writing at 0x00b6e040... (58 %)
Writing at 0x00b72278... (58 %)
Writing at 0x00b76493... (58 %)
Writing at 0x00b7a6b2... (59 %)
Writing at 0x00b7e8e9... (59 %)
Writing at 0x00b82b20... (59 %)
Writing at 0x00b86d64... (59 %)
Writing at 0x00b8afa0... (59 %)
Writing at 0x00b8f1da... (59 %)
Writing at 0x00b9340d... (59 %)
Writing at 0x00b975cd... (59 %)
Writing at 0x00b9b7fd... (59 %)
Writing at 0x00b9fa2b... (60 %)
Writing at 0x00ba3c72... (60 %)
Writing at 0x00ba7e94... (60 %)
Writing at 0x00bac0c1... (60 %)
Writing at 0x00bb02e3... (60 %)
Writing at 0x00bb4525... (60 %)
Writing at 0x00bb8765... (60 %)
Writing at 0x00bbc98a... (60 %)
Writing at 0x00bc0bdc... (60 %)
Writing at 0x00bc4e03... (60 %)
Writing at 0x00bc9035... (61 %)
Writing at 0x00bcd263... (61 %)
Writing at 0x00bd1497... (61 %)
Writing at 0x00bd56d1... (61 %)
Writing at 0x00bd9915... (61 %)
Writing at 0x00bddb33... (61 %)
Writing at 0x00be1d73... (61 %)
Writing at 0x00be5fb4... (61 %)
Writing at 0x00bea1ee... (61 %)
Writing at 0x00bee424... (61 %)
Writing at 0x00bf2650... (62 %)
Writing at 0x00bf687c... (62 %)
Writing at 0x00bfaade... (62 %)
Writing at 0x00bfed28... (62 %)
Writing at 0x00c02f7f... (62 %)
Writing at 0x00c071c0... (62 %)
Writing at 0x00c0b403... (62 %)
Writing at 0x00c0f637... (62 %)
Writing at 0x00c13875... (62 %)
Writing at 0x00c17a5b... (63 %)
Writing at 0x00c1bca9... (63 %)
Writing at 0x00c1fed4... (63 %)
Writing at 0x00c24118... (63 %)
Writing at 0x00c28338... (63 %)
Writing at 0x00c2c567... (63 %)
Writing at 0x00c3078c... (63 %)
Writing at 0x00c349d5... (63 %)
Writing at 0x00c38c09... (63 %)
Writing at 0x00c3ce58... (63 %)
Writing at 0x00c41091... (64 %)
Writing at 0x00c452d1... (64 %)
Writing at 0x00c4952a... (64 %)
Writing at 0x00c4d769... (64 %)
Writing at 0x00c519b6... (64 %)
Writing at 0x00c55bdd... (64 %)
Writing at 0x00c59e28... (64 %)
Writing at 0x00c5e062... (64 %)
Writing at 0x00c6229c... (64 %)
Writing at 0x00c664be... (64 %)
Writing at 0x00c6a704... (65 %)
Writing at 0x00c6e941... (65 %)
Writing at 0x00c72b82... (65 %)
Writing at 0x00c76db4... (65 %)
Writing at 0x00c7aff8... (65 %)
Writing at 0x00c7f223... (65 %)
Writing at 0x00c83453... (65 %)
Writing at 0x00c8768f... (65 %)
Writing at 0x00c8b8ec... (65 %)
Writing at 0x00c8fb11... (66 %)
Writing at 0x00c93ce5... (66 %)
Writing at 0x00c97f1b... (66 %)
Writing at 0x00c9c155... (66 %)
Writing at 0x00ca039e... (66 %)
Writing at 0x00ca45d9... (66 %)
Writing at 0x00ca87ff... (66 %)
Writing at 0x00caca26... (66 %)
Writing at 0x00cb0c54... (66 %)
Writing at 0x00cb4e96... (66 %)
Writing at 0x00cb90b7... (67 %)
Writing at 0x00cbd301... (67 %)
Writing at 0x00cc155e... (67 %)
Writing at 0x00cc5788... (67 %)
Writing at 0x00cc99c7... (67 %)
Writing at 0x00ccdbf6... (67 %)
Writing at 0x00cd1e2a... (67 %)
Writing at 0x00cd6058... (67 %)
Writing at 0x00cda297... (67 %)
Writing at 0x00cde4cf... (67 %)
Writing at 0x00ce2701... (68 %)
Writing at 0x00ce693a... (68 %)
Writing at 0x00ceab6e... (68 %)
Writing at 0x00ceeda6... (68 %)
Writing at 0x00cf2fcd... (68 %)
Writing at 0x00cf71ff... (68 %)
Writing at 0x00cfb442... (68 %)
Writing at 0x00cff689... (68 %)
Writing at 0x00d038c3... (68 %)
Writing at 0x00d07ae4... (69 %)
Writing at 0x00d0bd22... (69 %)
Writing at 0x00d0ff61... (69 %)
Writing at 0x00d14133... (69 %)
Writing at 0x00d1836b... (69 %)
Writing at 0x00d1c5a0... (69 %)
Writing at 0x00d207d7... (69 %)
Writing at 0x00d249fa... (69 %)
Writing at 0x00d28c27... (69 %)
Writing at 0x00d2ce64... (69 %)
Writing at 0x00d310a8... (70 %)
Writing at 0x00d352de... (70 %)
Writing at 0x00d3951d... (70 %)
Writing at 0x00d3d749... (70 %)
Writing at 0x00d4197f... (70 %)
Writing at 0x00d45ba9... (70 %)
Writing at 0x00d49dea... (70 %)
Writing at 0x00d4e025... (70 %)
Writing at 0x00d52248... (70 %)
Writing at 0x00d5647a... (70 %)
Writing at 0x00d5a69e... (71 %)
Writing at 0x00d5e8d5... (71 %)
Writing at 0x00d62afe... (71 %)
Writing at 0x00d66d23... (71 %)
Writing at 0x00d6af60... (71 %)
Writing at 0x00d6f1b2... (71 %)
Writing at 0x00d73404... (71 %)
Writing at 0x00d7762f... (71 %)
Writing at 0x00d7b870... (71 %)
Writing at 0x00d7ff09... (72 %)
Writing at 0x00d84faa... (72 %)
Writing at 0x00d8a0b1... (72 %)
Writing at 0x00d8f1b2... (72 %)
Writing at 0x00d942be... (72 %)
Writing at 0x00d993c9... (72 %)
Writing at 0x00d9e98b... (72 %)
Writing at 0x00da3fab... (72 %)
Writing at 0x00da95ca... (72 %)
Writing at 0x00daebc0... (72 %)
Writing at 0x00db3fb3... (73 %)
Writing at 0x00db80dc... (73 %)
Writing at 0x00dbc312... (73 %)
Writing at 0x00dc0551... (73 %)
Writing at 0x00dc478d... (73 %)
Writing at 0x00dc895e... (73 %)
Writing at 0x00dccb7f... (73 %)
Writing at 0x00dd0db2... (73 %)
Writing at 0x00dd4fcd... (73 %)
Writing at 0x00dd94ed... (73 %)
Writing at 0x00ddd80c... (74 %)
Writing at 0x00de1a40... (74 %)
Writing at 0x00de5c5f... (74 %)
Writing at 0x00de9ea5... (74 %)
Writing at 0x00dee0dc... (74 %)
Writing at 0x00df232a... (74 %)
Writing at 0x00df655d... (74 %)
Writing at 0x00dfa79b... (74 %)
Writing at 0x00dfeb25... (74 %)
Writing at 0x00e0315f... (75 %)
Writing at 0x00e0739e... (75 %)
Writing at 0x00e0b5c4... (75 %)
Writing at 0x00e0f80b... (75 %)
Writing at 0x00e13a39... (75 %)
Writing at 0x00e17c76... (75 %)
Writing at 0x00e1beab... (75 %)
Writing at 0x00e200d9... (75 %)
Writing at 0x00e2430c... (75 %)
Writing at 0x00e28539... (75 %)
Writing at 0x00e2c77f... (76 %)
Writing at 0x00e309b5... (76 %)
Writing at 0x00e34bde... (76 %)
Writing at 0x00e38e1a... (76 %)
Writing at 0x00e3d059... (76 %)
Writing at 0x00e41275... (76 %)
Writing at 0x00e454b1... (76 %)
Writing at 0x00e496db... (76 %)
Writing at 0x00e4d901... (76 %)
Writing at 0x00e51b2e... (76 %)
Writing at 0x00e55d57... (77 %)
Writing at 0x00e59f8c... (77 %)
Writing at 0x00e5e1b5... (77 %)
Writing at 0x00e62371... (77 %)
Writing at 0x00e6658d... (77 %)
Writing at 0x00e6a7ba... (77 %)
Writing at 0x00e6e9d3... (77 %)
Writing at 0x00e72bee... (77 %)
Writing at 0x00e76e23... (77 %)
Writing at 0x00e7b04e... (78 %)
Writing at 0x00e7f286... (78 %)
Writing at 0x00e834b8... (78 %)
Writing at 0x00e876e9... (78 %)
Writing at 0x00e8b935... (78 %)
Writing at 0x00e8fb5b... (78 %)
Writing at 0x00e93d92... (78 %)
Writing at 0x00e97fcb... (78 %)
Writing at 0x00e9c1f2... (78 %)
Writing at 0x00ea0428... (78 %)
Writing at 0x00ea4654... (79 %)
Writing at 0x00ea8884... (79 %)
Writing at 0x00eacac0... (79 %)
Writing at 0x00eb0d04... (79 %)
Writing at 0x00eb4f30... (79 %)
Writing at 0x00eb915c... (79 %)
Writing at 0x00ebd38a... (79 %)
Writing at 0x00ec15c6... (79 %)
Writing at 0x00ec57fd... (79 %)
Writing at 0x00ec9a2d... (80 %)
Writing at 0x00ecdc5f... (80 %)
Writing at 0x00ed1e8d... (80 %)
Writing at 0x00ed60b1... (80 %)
Writing at 0x00eda2d9... (80 %)
Writing at 0x00ede509... (80 %)
Writing at 0x00ee26da... (80 %)
Writing at 0x00ee690c... (80 %)
Writing at 0x00eeab45... (80 %)
Writing at 0x00eeed97... (80 %)
Writing at 0x00ef2fd7... (81 %)
Writing at 0x00ef7213... (81 %)
Writing at 0x00efb43f... (81 %)
Writing at 0x00eff671... (81 %)
Writing at 0x00f038a3... (81 %)
Writing at 0x00f07ad3... (81 %)
Writing at 0x00f0bd03... (81 %)
Writing at 0x00f0ff45... (81 %)
Writing at 0x00f14171... (81 %)
Writing at 0x00f183ba... (81 %)
Writing at 0x00f1c5f9... (82 %)
Writing at 0x00f2083c... (82 %)
Writing at 0x00f24a81... (82 %)
Writing at 0x00f28cb0... (82 %)
Writing at 0x00f2cee5... (82 %)
Writing at 0x00f31118... (82 %)
Writing at 0x00f35372... (82 %)
Writing at 0x00f3959f... (82 %)
Writing at 0x00f3d7e7... (82 %)
Writing at 0x00f41a28... (83 %)
Writing at 0x00f45c65... (83 %)
Writing at 0x00f49eba... (83 %)
Writing at 0x00f4e0f1... (83 %)
Writing at 0x00f52320... (83 %)
Writing at 0x00f56555... (83 %)
Writing at 0x00f5a7b6... (83 %)
Writing at 0x00f5e987... (83 %)
Writing at 0x00f62bbe... (83 %)
Writing at 0x00f66df8... (83 %)
Writing at 0x00f6b03c... (84 %)
Writing at 0x00f6f280... (84 %)
Writing at 0x00f734d4... (84 %)
Writing at 0x00f77709... (84 %)
Writing at 0x00f7b932... (84 %)
Writing at 0x00f7fb71... (84 %)
Writing at 0x00f83da5... (84 %)
Writing at 0x00f87fca... (84 %)
Writing at 0x00f8c1fa... (84 %)
Writing at 0x00f9043e... (84 %)
Writing at 0x00f94667... (85 %)
Writing at 0x00f988a8... (85 %)
Writing at 0x00f9cad8... (85 %)
Writing at 0x00fa0d20... (85 %)
Writing at 0x00fa4f71... (85 %)
Writing at 0x00fa91b3... (85 %)
Writing at 0x00fad3e3... (85 %)
Writing at 0x00fb1615... (85 %)
Writing at 0x00fb583f... (85 %)
Writing at 0x00fb9a70... (86 %)
Writing at 0x00fbdc93... (86 %)
Writing at 0x00fc1ed1... (86 %)
Writing at 0x00fc611c... (86 %)
Writing at 0x00fca340... (86 %)
Writing at 0x00fce57b... (86 %)
Writing at 0x00fd27b9... (86 %)
Writing at 0x00fd69ff... (86 %)
Writing at 0x00fdac2c... (86 %)
Writing at 0x00fdee04... (86 %)
Writing at 0x00fe3053... (87 %)
Writing at 0x00fe7290... (87 %)
Writing at 0x00feb4d1... (87 %)
Writing at 0x00fef6fe... (87 %)
Writing at 0x00ff3937... (87 %)
Writing at 0x00ff7b5d... (87 %)
Writing at 0x00ffbda8... (87 %)
Writing at 0x00ffffdd... (87 %)
Writing at 0x01004225... (87 %)
Writing at 0x01008460... (87 %)
Writing at 0x0100c694... (88 %)
Writing at 0x010108d2... (88 %)
Writing at 0x01014b17... (88 %)
Writing at 0x01018d42... (88 %)
Writing at 0x0101cf6f... (88 %)
Writing at 0x01021188... (88 %)
Writing at 0x010253cb... (88 %)
Writing at 0x010295f5... (88 %)
Writing at 0x0102d823... (88 %)
Writing at 0x01031a40... (89 %)
Writing at 0x01035c8c... (89 %)
Writing at 0x01039eaf... (89 %)
Writing at 0x0103e0ef... (89 %)
Writing at 0x0104231e... (89 %)
Writing at 0x0104654a... (89 %)
Writing at 0x0104a785... (89 %)
Writing at 0x0104e9d6... (89 %)
Writing at 0x01052c10... (89 %)
Writing at 0x01056e3d... (89 %)
Writing at 0x0105b082... (90 %)
Writing at 0x0105f256... (90 %)
Writing at 0x0106349c... (90 %)
Writing at 0x010676db... (90 %)
Writing at 0x0106b937... (90 %)
Writing at 0x0106fb75... (90 %)
Writing at 0x01073dba... (90 %)
Writing at 0x01077fe2... (90 %)
Writing at 0x0107c227... (90 %)
Writing at 0x01080465... (90 %)
Writing at 0x010846a1... (91 %)
Writing at 0x010888ce... (91 %)
Writing at 0x0108cb13... (91 %)
Writing at 0x01090d64... (91 %)
Writing at 0x01094faa... (91 %)
Writing at 0x010991f7... (91 %)
Writing at 0x0109d446... (91 %)
Writing at 0x010a167d... (91 %)
Writing at 0x010a58c4... (91 %)
Writing at 0x010a9b07... (92 %)
Writing at 0x010add25... (92 %)
Writing at 0x010b1f64... (92 %)
Writing at 0x010b618c... (92 %)
Writing at 0x010ba3cb... (92 %)
Writing at 0x010be605... (92 %)
Writing at 0x010c283a... (92 %)
Writing at 0x010c6a81... (92 %)
Writing at 0x010cacbe... (92 %)
Writing at 0x010cef0f... (92 %)
Writing at 0x010d3150... (93 %)
Writing at 0x010d7399... (93 %)
Writing at 0x010db55b... (93 %)
Writing at 0x010df7a1... (93 %)
Writing at 0x010e39dc... (93 %)
Writing at 0x010e7c19... (93 %)
Writing at 0x010ebe49... (93 %)
Writing at 0x010f0074... (93 %)
Writing at 0x010f4297... (93 %)
Writing at 0x010f84cc... (93 %)
Writing at 0x010fc6f6... (94 %)
Writing at 0x0110090d... (94 %)
Writing at 0x01104b45... (94 %)
Writing at 0x01108d87... (94 %)
Writing at 0x0110cfb4... (94 %)
Writing at 0x011111f7... (94 %)
Writing at 0x01115435... (94 %)
Writing at 0x01119669... (94 %)
Writing at 0x0111d8a2... (94 %)
Writing at 0x01121ab5... (95 %)
Writing at 0x01125ce0... (95 %)
Writing at 0x01129f0c... (95 %)
Writing at 0x0112e15b... (95 %)
Writing at 0x01132377... (95 %)
Writing at 0x011365a6... (95 %)
Writing at 0x0113a7e4... (95 %)
Writing at 0x0113ea0d... (95 %)
Writing at 0x01142c47... (95 %)
Writing at 0x01146e9c... (95 %)
Writing at 0x0114b0d1... (96 %)
Writing at 0x0114f2ff... (96 %)
Writing at 0x01153546... (96 %)
Writing at 0x01157791... (96 %)
Writing at 0x0115b95c... (96 %)
Writing at 0x0115fb80... (96 %)
Writing at 0x01164330... (96 %)
Writing at 0x011694f2... (96 %)
Writing at 0x0116e6f7... (96 %)
Writing at 0x01173899... (96 %)
Writing at 0x01178a54... (97 %)
Writing at 0x0117dc68... (97 %)
Writing at 0x011833ea... (97 %)
Writing at 0x01188b80... (97 %)
Writing at 0x0118e334... (97 %)
Writing at 0x01193b4b... (97 %)
Writing at 0x01198b23... (97 %)
Writing at 0x0119cc6d... (97 %)
Writing at 0x011a0ea1... (97 %)
Writing at 0x011a50e0... (98 %)
Writing at 0x011a930f... (98 %)
Writing at 0x011ad53a... (98 %)
Writing at 0x011b1773... (98 %)
Writing at 0x011b59a6... (98 %)
Writing at 0x011b9bf4... (98 %)
Writing at 0x011be3a7... (98 %)
Writing at 0x011c2581... (98 %)
Writing at 0x011c67b7... (98 %)
Writing at 0x011caa09... (98 %)
Writing at 0x011cec46... (99 %)
Writing at 0x011d2e88... (99 %)
Writing at 0x011d704b... (99 %)
Writing at 0x011db286... (99 %)
Writing at 0x011df4b6... (99 %)
Writing at 0x011e39a5... (99 %)
Writing at 0x011e7c1a... (99 %)
Writing at 0x011ed3d3... (99 %)
Writing at 0x011f5563... (99 %)
Writing at 0x011fda97... (100 %)
Wrote 16734228 bytes (15809728 compressed) at 0x00210000 in 164.8 seconds (effective 812.5 kbit/s)...
Hash of data verified.

Leaving...
Hard resetting via RTS pin...
ESP-ROM:esp32s3-20210327
Build:Mar 27 2021
rst:0x1 (POWERON),boot:0x8 (SPI_FAST_FLASH_BOOT)
SPIWP:0xee
Octal Flash Mode Enabled
For OPI Flash, Use Default Flash Boot Mode
mode:SLOW_RD, clock div:1
load:0x3fce2820,len:0x15bc
load:0x403c8700,len:0xe2c
load:0x403cb700,len:0x2fcc
entry 0x403c8944
I (32) boot: ESP-IDF v5.5.2 2nd stage bootloader
I (33) boot: compile time Sep 23 2026 00:49:23
I (33) boot: Multicore bootloader
I (33) boot: chip revision: v0.2
I (36) boot: efuse block revision: v1.3
I (39) boot.esp32s3: Boot SPI Speed : 80MHz
I (43) boot.esp32s3: SPI Mode       : SLOW READ
I (47) boot.esp32s3: SPI Flash Size : 32MB
I (51) boot: Enabling RNG early entropy source...
I (56) boot: Partition Table:
I (58) boot: ## Label            Usage          Type ST Offset   Length
I (65) boot:  0 nvs              WiFi data        01 02 00009000 00006000
I (71) boot:  1 phy_init         RF data          01 01 0000f000 00001000
I (78) boot:  2 factory          factory app      00 00 00010000 00200000
I (84) boot:  3 model            Unknown data     01 40 00210000 01df0000
I (91) boot: End of partition table
I (94) esp_image: segment 0: paddr=00010020 vaddr=3c030020 size=0cd3ch ( 52540) map
I (114) esp_image: segment 1: paddr=0001cd64 vaddr=3fc9c600 size=02f10h ( 12048) load
I (118) esp_image: segment 2: paddr=0001fc7c vaddr=40378000 size=0039ch (   924) load
I (118) esp_image: segment 3: paddr=00020020 vaddr=42000020 size=283dch (164828) map
I (165) esp_image: segment 4: paddr=00048404 vaddr=4037839c size=141d8h ( 82392) load
I (194) esp_image: segment 5: paddr=0005c5e4 vaddr=50000000 size=00020h (    32) load
I (202) boot: Loaded app from partition at offset 0x10000
I (202) boot: Disabling RNG early entropy source...
I (213) MSPI Timing: Enter flash timing tuning
I (214) octal_psram: vendor id    : 0x0d (AP)
I (214) octal_psram: dev id       : 0x03 (generation 4)
I (215) octal_psram: density      : 0x05 (128 Mbit)
I (219) octal_psram: good-die     : 0x01 (Pass)
I (224) octal_psram: Latency      : 0x01 (Fixed)
I (228) octal_psram: VCC          : 0x00 (1.8V)
I (232) octal_psram: SRF          : 0x01 (Fast Refresh)
I (237) octal_psram: BurstType    : 0x01 (Hybrid Wrap)
I (242) octal_psram: BurstLen     : 0x01 (32 Byte)
I (247) octal_psram: Readlatency  : 0x02 (10 cycles@Fixed)
I (252) octal_psram: DriveStrength: 0x00 (1/1)
I (256) MSPI Timing: Enter psram timing tuning
I (261) esp_psram: Found 16MB PSRAM device
I (264) esp_psram: Speed: 80MHz
I (267) cpu_start: Multicore app
I (834) esp_psram: SPI SRAM memory test OK
I (842) cpu_start: GPIO 44 and 43 are used as console UART I/O pins
I (842) cpu_start: Pro cpu start user code
I (842) cpu_start: cpu freq: 240000000 Hz
I (844) app_init: Application information:
I (848) app_init: Project name:     needle_demo
I (852) app_init: App version:      7cf8a6f-dirty
I (857) app_init: Compile time:     Sep 25 2026 15:54:41
I (862) app_init: ELF file SHA256:  8b0e5a483...
I (866) app_init: ESP-IDF:          v5.5.2
I (870) efuse_init: Min chip rev:     v0.0
I (874) efuse_init: Max chip rev:     v0.99 
I (878) efuse_init: Chip rev:         v0.2
I (881) heap_init: Initializing. RAM available for dynamic allocation:
I (888) heap_init: At 3FCC9C38 len 0001FAD8 (126 KiB): RAM
I (893) heap_init: At 3FCE9710 len 00005724 (21 KiB): RAM
I (898) heap_init: At 600FE000 len 00001FE8 (7 KiB): RTCRAM
I (903) esp_psram: Adding pool of 16384K of PSRAM memory to heap allocator
I (910) spi_flash: detected chip: mxic (opi)
I (914) spi_flash: flash io: opi_dtr
I (917) sleep_gpio: Configure to isolate all GPIO pins in sleep state
I (923) sleep_gpio: Enable automatic switching of GPIO sleep configuration
I (930) main_task: Started on CPU0
I (960) esp_psram: Reserving pool of 32K of internal memory for DMA/internal allocations
I (960) main_task: Calling app_main()
E (1460) mmap: esp_mmu_map(475): no such vaddr range
WARN drained 77 stale line(s) before the think toggle
ERR mmap_failed size=16734228
FAILED current9: RuntimeError: firmware boot failed: ERR mmap_failed size=16734228
STOP extension at first device failure
Traceback (most recent call last):
  File "/workspace/esp32-needle-3/benchmarks/run_matrix.py", line 466, in <module>
    main()
  File "/workspace/esp32-needle-3/benchmarks/run_matrix.py", line 460, in main
    run_board(config, args.board, args.jobs, args.run_id, args.tasks)
  File "/workspace/esp32-needle-3/benchmarks/run_matrix.py", line 323, in run_board
    raise RuntimeError(f"board {board_id} failed job {name}; stopping lane")
RuntimeError: board 3 failed job current9; stopping lane
